Archive member included to satisfy reference by file (symbol)

c:/program files/avr8-gnu-toolchain/bin/../lib/gcc/avr/7.3.0/../../../../avr/lib/avr5\libm.a(addsf3.o)
                              build/AVR_MEGA/MEGA328P/obj/MosTimer.o (__subsf3)
c:/program files/avr8-gnu-toolchain/bin/../lib/gcc/avr/7.3.0/../../../../avr/lib/avr5\libm.a(addsf3x.o)
                              c:/program files/avr8-gnu-toolchain/bin/../lib/gcc/avr/7.3.0/../../../../avr/lib/avr5\libm.a(addsf3.o) (__addsf3x)
c:/program files/avr8-gnu-toolchain/bin/../lib/gcc/avr/7.3.0/../../../../avr/lib/avr5\libm.a(cmpsf2.o)
                              build/AVR_MEGA/MEGA328P/obj/ptimer.o (__ltsf2)
c:/program files/avr8-gnu-toolchain/bin/../lib/gcc/avr/7.3.0/../../../../avr/lib/avr5\libm.a(divsf3.o)
                              build/AVR_MEGA/MEGA328P/obj/MosTimer.o (__divsf3)
c:/program files/avr8-gnu-toolchain/bin/../lib/gcc/avr/7.3.0/../../../../avr/lib/avr5\libm.a(divsf3x.o)
                              c:/program files/avr8-gnu-toolchain/bin/../lib/gcc/avr/7.3.0/../../../../avr/lib/avr5\libm.a(divsf3.o) (__divsf3x)
c:/program files/avr8-gnu-toolchain/bin/../lib/gcc/avr/7.3.0/../../../../avr/lib/avr5\libm.a(fixsfsi.o)
                              build/AVR_MEGA/MEGA328P/obj/stdlib.o (__fixsfsi)
c:/program files/avr8-gnu-toolchain/bin/../lib/gcc/avr/7.3.0/../../../../avr/lib/avr5\libm.a(fixunssfsi.o)
                              build/AVR_MEGA/MEGA328P/obj/ptimer.o (__fixunssfsi)
c:/program files/avr8-gnu-toolchain/bin/../lib/gcc/avr/7.3.0/../../../../avr/lib/avr5\libm.a(floatsisf.o)
                              build/AVR_MEGA/MEGA328P/obj/MosTimer.o (__floatunsisf)
c:/program files/avr8-gnu-toolchain/bin/../lib/gcc/avr/7.3.0/../../../../avr/lib/avr5\libm.a(fp_cmp.o)
                              c:/program files/avr8-gnu-toolchain/bin/../lib/gcc/avr/7.3.0/../../../../avr/lib/avr5\libm.a(cmpsf2.o) (__fp_cmp)
c:/program files/avr8-gnu-toolchain/bin/../lib/gcc/avr/7.3.0/../../../../avr/lib/avr5\libm.a(fp_inf.o)
                              c:/program files/avr8-gnu-toolchain/bin/../lib/gcc/avr/7.3.0/../../../../avr/lib/avr5\libm.a(addsf3x.o) (__fp_inf)
c:/program files/avr8-gnu-toolchain/bin/../lib/gcc/avr/7.3.0/../../../../avr/lib/avr5\libm.a(fp_nan.o)
                              c:/program files/avr8-gnu-toolchain/bin/../lib/gcc/avr/7.3.0/../../../../avr/lib/avr5\libm.a(addsf3x.o) (__fp_nan)
c:/program files/avr8-gnu-toolchain/bin/../lib/gcc/avr/7.3.0/../../../../avr/lib/avr5\libm.a(fp_pscA.o)
                              c:/program files/avr8-gnu-toolchain/bin/../lib/gcc/avr/7.3.0/../../../../avr/lib/avr5\libm.a(addsf3x.o) (__fp_pscA)
c:/program files/avr8-gnu-toolchain/bin/../lib/gcc/avr/7.3.0/../../../../avr/lib/avr5\libm.a(fp_pscB.o)
                              c:/program files/avr8-gnu-toolchain/bin/../lib/gcc/avr/7.3.0/../../../../avr/lib/avr5\libm.a(addsf3x.o) (__fp_pscB)
c:/program files/avr8-gnu-toolchain/bin/../lib/gcc/avr/7.3.0/../../../../avr/lib/avr5\libm.a(fp_round.o)
                              c:/program files/avr8-gnu-toolchain/bin/../lib/gcc/avr/7.3.0/../../../../avr/lib/avr5\libm.a(addsf3.o) (__fp_round)
c:/program files/avr8-gnu-toolchain/bin/../lib/gcc/avr/7.3.0/../../../../avr/lib/avr5\libm.a(fp_split3.o)
                              c:/program files/avr8-gnu-toolchain/bin/../lib/gcc/avr/7.3.0/../../../../avr/lib/avr5\libm.a(addsf3x.o) (__fp_split3)
c:/program files/avr8-gnu-toolchain/bin/../lib/gcc/avr/7.3.0/../../../../avr/lib/avr5\libm.a(fp_zero.o)
                              c:/program files/avr8-gnu-toolchain/bin/../lib/gcc/avr/7.3.0/../../../../avr/lib/avr5\libm.a(addsf3x.o) (__fp_zero)
c:/program files/avr8-gnu-toolchain/bin/../lib/gcc/avr/7.3.0/../../../../avr/lib/avr5\libm.a(mulsf3.o)
                              build/AVR_MEGA/MEGA328P/obj/ptimer.o (__mulsf3)
c:/program files/avr8-gnu-toolchain/bin/../lib/gcc/avr/7.3.0/../../../../avr/lib/avr5\libm.a(mulsf3x.o)
                              c:/program files/avr8-gnu-toolchain/bin/../lib/gcc/avr/7.3.0/../../../../avr/lib/avr5\libm.a(mulsf3.o) (__mulsf3x)
c:/program files/avr8-gnu-toolchain/bin/../lib/gcc/avr/7.3.0/avr5\libgcc.a(_udivmodqi4.o)
                              build/AVR_MEGA/MEGA328P/obj/rtc_ds1307.o (__udivmodqi4)
c:/program files/avr8-gnu-toolchain/bin/../lib/gcc/avr/7.3.0/avr5\libgcc.a(_udivmodhi4.o)
                              build/AVR_MEGA/MEGA328P/obj/ptimer.o (__udivmodhi4)
c:/program files/avr8-gnu-toolchain/bin/../lib/gcc/avr/7.3.0/avr5\libgcc.a(_divmodhi4.o)
                              build/AVR_MEGA/MEGA328P/obj/stdlib.o (__divmodhi4)
c:/program files/avr8-gnu-toolchain/bin/../lib/gcc/avr/7.3.0/avr5\libgcc.a(_udivmodsi4.o)
                              build/AVR_MEGA/MEGA328P/obj/ptimer.o (__udivmodsi4)
c:/program files/avr8-gnu-toolchain/bin/../lib/gcc/avr/7.3.0/avr5\libgcc.a(_divmodsi4.o)
                              build/AVR_MEGA/MEGA328P/obj/stdlib.o (__divmodsi4)
[...]
Memory Configuration

Name             Origin             Length             Attributes
text             0x0000000000000000 0x0000000000008000 xr
data             0x0000000000800100 0x0000000000000800 rw !x
eeprom           0x0000000000810000 0x0000000000000400 rw !x
fuse             0x0000000000820000 0x0000000000000003 rw !x
lock             0x0000000000830000 0x0000000000000400 rw !x
signature        0x0000000000840000 0x0000000000000400 rw !x
user_signatures  0x0000000000850000 0x0000000000000400 rw !x
*default*        0x0000000000000000 0xffffffffffffffff

Linker script and memory map

Address of section .data set to 0x800100
LOAD c:/program files/avr8-gnu-toolchain/bin/../lib/gcc/avr/7.3.0/../../../../avr/lib/avr5/crtatmega328p.o
LOAD build/AVR_MEGA/MEGA328P/obj/hello-world.o
LOAD build/AVR_MEGA/MEGA328P/obj/main.o
LOAD build/AVR_MEGA/MEGA328P/obj/ptimer.o
LOAD build/AVR_MEGA/MEGA328P/obj/task.o
LOAD build/AVR_MEGA/MEGA328P/obj/I2cSoft.o
LOAD build/AVR_MEGA/MEGA328P/obj/debug.o
LOAD build/AVR_MEGA/MEGA328P/obj/diskio.o
LOAD build/AVR_MEGA/MEGA328P/obj/ff.o
LOAD build/AVR_MEGA/MEGA328P/obj/LiquidCrystal.o
LOAD build/AVR_MEGA/MEGA328P/obj/MosTimer.o
LOAD build/AVR_MEGA/MEGA328P/obj/rtc_ds1307.o
LOAD build/AVR_MEGA/MEGA328P/obj/rtc_ds3231.o
LOAD build/AVR_MEGA/MEGA328P/obj/sdcard.o
LOAD build/AVR_MEGA/MEGA328P/obj/SevenSegment.o
LOAD build/AVR_MEGA/MEGA328P/obj/SevenSegmentMulti.o
LOAD build/AVR_MEGA/MEGA328P/obj/ringbuf.o
LOAD build/AVR_MEGA/MEGA328P/obj/stdlib.o
LOAD build/AVR_MEGA/MEGA328P/obj/avr_mega_timer_delay.o
LOAD build/AVR_MEGA/MEGA328P/obj/boot.o
LOAD build/AVR_MEGA/MEGA328P/obj/clock.o
LOAD build/AVR_MEGA/MEGA328P/obj/avr_mega_analog_input.o
LOAD build/AVR_MEGA/MEGA328P/obj/avr_mega_digital.o
LOAD build/AVR_MEGA/MEGA328P/obj/avr_mega_i2c_master.o
LOAD build/AVR_MEGA/MEGA328P/obj/avr_mega_i2c_slave.o
LOAD build/AVR_MEGA/MEGA328P/obj/avr_mega_i2c0_master.o
LOAD build/AVR_MEGA/MEGA328P/obj/avr_mega_i2c1_master.o
LOAD build/AVR_MEGA/MEGA328P/obj/avr_mega_spi_master.o
LOAD build/AVR_MEGA/MEGA328P/obj/avr_mega_spi_slave.o
LOAD build/AVR_MEGA/MEGA328P/obj/avr_mega_spi0_master.o
LOAD build/AVR_MEGA/MEGA328P/obj/avr_mega_spi1_master.o
LOAD build/AVR_MEGA/MEGA328P/obj/avr_mega_uart.o
LOAD build/AVR_MEGA/MEGA328P/obj/avr_mega_uart0.o
LOAD build/AVR_MEGA/MEGA328P/obj/avr_mega_uart1.o
LOAD build/AVR_MEGA/MEGA328P/obj/avr_mega_uart2.o
LOAD build/AVR_MEGA/MEGA328P/obj/avr_mega_uart3.o
LOAD build/AVR_MEGA/MEGA328P/obj/avr_mega_liquid_crystal.o
LOAD c:/program files/avr8-gnu-toolchain/bin/../lib/gcc/avr/7.3.0/../../../../avr/lib/avr5\libm.a
START GROUP
LOAD c:/program files/avr8-gnu-toolchain/bin/../lib/gcc/avr/7.3.0/avr5\libgcc.a
LOAD c:/program files/avr8-gnu-toolchain/bin/../lib/gcc/avr/7.3.0/../../../../avr/lib/avr5\libm.a
LOAD c:/program files/avr8-gnu-toolchain/bin/../lib/gcc/avr/7.3.0/../../../../avr/lib/avr5\libc.a
LOAD c:/program files/avr8-gnu-toolchain/bin/../lib/gcc/avr/7.3.0/../../../../avr/lib/avr5\libatmega328p.a
END GROUP
                0x0000000000000000                __TEXT_REGION_ORIGIN__ = DEFINED (__TEXT_REGION_ORIGIN__)?__TEXT_REGION_ORIGIN__:0x0
                [0x0000000000800100]                __DATA_REGION_ORIGIN__ = DEFINED (__DATA_REGION_ORIGIN__)?__DATA_REGION_ORIGIN__:0x800060
                [0x0000000000008000]                __TEXT_REGION_LENGTH__ = DEFINED (__TEXT_REGION_LENGTH__)?__TEXT_REGION_LENGTH__:0x20000
                [0x0000000000000800]                __DATA_REGION_LENGTH__ = DEFINED (__DATA_REGION_LENGTH__)?__DATA_REGION_LENGTH__:0xffa0
                [0x0000000000000400]                __EEPROM_REGION_LENGTH__ = DEFINED (__EEPROM_REGION_LENGTH__)?__EEPROM_REGION_LENGTH__:0x10000
                [0x0000000000000003]                __FUSE_REGION_LENGTH__ = DEFINED (__FUSE_REGION_LENGTH__)?__FUSE_REGION_LENGTH__:0x400
                0x0000000000000400                __LOCK_REGION_LENGTH__ = DEFINED (__LOCK_REGION_LENGTH__)?__LOCK_REGION_LENGTH__:0x400
                0x0000000000000400                __SIGNATURE_REGION_LENGTH__ = DEFINED (__SIGNATURE_REGION_LENGTH__)?__SIGNATURE_REGION_LENGTH__:0x400
                0x0000000000000400                __USER_SIGNATURE_REGION_LENGTH__ = DEFINED (__USER_SIGNATURE_REGION_LENGTH__)?__USER_SIGNATURE_REGION_LENGTH__:0x400

.hash
 *(.hash)

.dynsym
 *(.dynsym)

.dynstr
 *(.dynstr)

.gnu.version
 *(.gnu.version)

.gnu.version_d
 *(.gnu.version_d)

.gnu.version_r
 *(.gnu.version_r)

.rel.init
 *(.rel.init)

.rela.init
 *(.rela.init)

.rel.text
 *(.rel.text)
 *(.rel.text.*)
 *(.rel.gnu.linkonce.t*)

.rela.text
 *(.rela.text)
 *(.rela.text.*)
 *(.rela.gnu.linkonce.t*)

.rel.fini
 *(.rel.fini)

.rela.fini
 *(.rela.fini)

.rel.rodata
 *(.rel.rodata)
 *(.rel.rodata.*)
 *(.rel.gnu.linkonce.r*)

.rela.rodata
 *(.rela.rodata)
 *(.rela.rodata.*)
 *(.rela.gnu.linkonce.r*)

.rel.data
 *(.rel.data)
 *(.rel.data.*)
 *(.rel.gnu.linkonce.d*)

.rela.data
 *(.rela.data)
 *(.rela.data.*)
 *(.rela.gnu.linkonce.d*)

.rel.ctors
 *(.rel.ctors)

.rela.ctors
 *(.rela.ctors)

.rel.dtors
 *(.rel.dtors)

.rela.dtors
 *(.rela.dtors)

.rel.got
 *(.rel.got)

.rela.got
 *(.rela.got)

.rel.bss
 *(.rel.bss)

.rela.bss
 *(.rela.bss)

.rel.plt
 *(.rel.plt)

.rela.plt
 *(.rela.plt)

.text           0x0000000000000000     0x1668
 *(.vectors)
 .vectors       0x0000000000000000       0x68 c:/program files/avr8-gnu-toolchain/bin/../lib/gcc/avr/7.3.0/../../../../avr/lib/avr5/crtatmega328p.o
                0x0000000000000000                __vector_default
                0x0000000000000000                __vectors
 *(.vectors)
 *(.progmem.gcc*)
                0x0000000000000068                . = ALIGN (0x2)
                0x0000000000000068                __trampolines_start = .
 *(.trampolines)
 .trampolines   0x0000000000000068        0x0 linker stubs
 *(.trampolines*)
                0x0000000000000068                __trampolines_end = .
 *libprintf_flt.a:*(.progmem.data)
 *libc.a:*(.progmem.data)
 *(.progmem*)
 .progmem.data.__c.1805
                0x0000000000000068       0x11 build/AVR_MEGA/MEGA328P/obj/hello-world.o
 .progmem.data.__c.1803
                0x0000000000000079       0x17 build/AVR_MEGA/MEGA328P/obj/hello-world.o
 .progmem.data.__c.1792
                0x0000000000000090       0x2f build/AVR_MEGA/MEGA328P/obj/hello-world.o
                0x00000000000000c0                . = ALIGN (0x2)
 *fill*         0x00000000000000bf        0x1 
 *(.jumptables)
 *(.jumptables*)
 *(.lowtext)
 *(.lowtext*)
                0x00000000000000c0                __ctors_start = .
 *(.ctors)
                0x00000000000000c0                __ctors_end = .
                0x00000000000000c0                __dtors_start = .
 *(.dtors)
                0x00000000000000c0                __dtors_end = .
 SORT(*)(.ctors)
 SORT(*)(.dtors)
 *(.init0)
 .init0         0x00000000000000c0        0x0 c:/program files/avr8-gnu-toolchain/bin/../lib/gcc/avr/7.3.0/../../../../avr/lib/avr5/crtatmega328p.o
                0x00000000000000c0                __init
 *(.init0)
 *(.init1)
 *(.init1)
 *(.init2)
 .init2         0x00000000000000c0        0xc c:/program files/avr8-gnu-toolchain/bin/../lib/gcc/avr/7.3.0/../../../../avr/lib/avr5/crtatmega328p.o
 *(.init2)
 *(.init3)
 *(.init3)
 *(.init4)
 .init4         0x00000000000000cc       0x16 c:/program files/avr8-gnu-toolchain/bin/../lib/gcc/avr/7.3.0/avr5\libgcc.a(_copy_data.o)
                0x00000000000000cc                __do_copy_data
 .init4         0x00000000000000e2       0x10 c:/program files/avr8-gnu-toolchain/bin/../lib/gcc/avr/7.3.0/avr5\libgcc.a(_clear_bss.o)
                0x00000000000000e2                __do_clear_bss
 *(.init4)
 *(.init5)
 *(.init5)
 *(.init6)
 *(.init6)
 *(.init7)
 *(.init7)
 *(.init8)
 *(.init8)
 *(.init9)
 .init9         0x00000000000000f2        0x8 c:/program files/avr8-gnu-toolchain/bin/../lib/gcc/avr/7.3.0/../../../../avr/lib/avr5/crtatmega328p.o
 *(.init9)
 *(.text)
 .text          0x00000000000000fa        0x4 c:/program files/avr8-gnu-toolchain/bin/../lib/gcc/avr/7.3.0/../../../../avr/lib/avr5/crtatmega328p.o
                0x00000000000000fa                __vector_22
                0x00000000000000fa                __vector_1
                0x00000000000000fa                __vector_24
                0x00000000000000fa                __bad_interrupt
                0x00000000000000fa                __vector_6
                0x00000000000000fa                __vector_3
                0x00000000000000fa                __vector_23
                0x00000000000000fa                __vector_25
                0x00000000000000fa                __vector_13
                0x00000000000000fa                __vector_17
                0x00000000000000fa                __vector_19
                0x00000000000000fa                __vector_7
                0x00000000000000fa                __vector_5
                0x00000000000000fa                __vector_4
                0x00000000000000fa                __vector_9
                0x00000000000000fa                __vector_2
                0x00000000000000fa                __vector_21
                0x00000000000000fa                __vector_15
                0x00000000000000fa                __vector_8
                0x00000000000000fa                __vector_14
                0x00000000000000fa                __vector_10
                0x00000000000000fa                __vector_16
                0x00000000000000fa                __vector_20
                0x00000000000000fe                . = ALIGN (0x2)
 *(.text.*)
 .text.task_run_led
                0x00000000000000fe       0xca build/AVR_MEGA/MEGA328P/obj/hello-world.o
 .text.task_run_hello
                0x00000000000001c8       0xb0 build/AVR_MEGA/MEGA328P/obj/hello-world.o
 .text.task_run_reply
                0x0000000000000278       0xc6 build/AVR_MEGA/MEGA328P/obj/hello-world.o
 .text.setup    0x000000000000033e       0x34 build/AVR_MEGA/MEGA328P/obj/hello-world.o
                0x000000000000033e                setup
 .text.startup.main
                0x0000000000000372       0x38 build/AVR_MEGA/MEGA328P/obj/main.o
                0x0000000000000372                main
 .text.ptimer_init
                0x00000000000003aa        0xa build/AVR_MEGA/MEGA328P/obj/ptimer.o
                0x00000000000003aa                ptimer_init
 .text.ptimer_request_poll
                0x00000000000003b4        0x8 build/AVR_MEGA/MEGA328P/obj/ptimer.o
                0x00000000000003b4                ptimer_request_poll
 .text.schedule_tickless_timer
                0x00000000000003bc       0x84 build/AVR_MEGA/MEGA328P/obj/ptimer.o
 .text.ptimer_start
                0x0000000000000440        0xc build/AVR_MEGA/MEGA328P/obj/ptimer.o
                0x0000000000000440                ptimer_start
 .text.ptimer_set_reset
                0x000000000000044c      0x1ae build/AVR_MEGA/MEGA328P/obj/ptimer.o
                0x000000000000044c                ptimer_set_reset
 .text.ptimer_expired
                0x00000000000005fa       0x74 build/AVR_MEGA/MEGA328P/obj/ptimer.o
                0x00000000000005fa                ptimer_expired
 .text.task_run_ptimer_task
                0x000000000000066e       0x8e build/AVR_MEGA/MEGA328P/obj/ptimer.o
 .text.task_init
                0x00000000000006fc       0x1a build/AVR_MEGA/MEGA328P/obj/task.o
                0x00000000000006fc                task_init
 .text.task_exit
                0x0000000000000716       0x5a build/AVR_MEGA/MEGA328P/obj/task.o
                0x0000000000000716                task_exit
 .text.call_task.part.0
                0x0000000000000770       0x4c build/AVR_MEGA/MEGA328P/obj/task.o
 .text.do_poll  0x00000000000007bc       0x3e build/AVR_MEGA/MEGA328P/obj/task.o
 .text.task_start
                0x00000000000007fa       0x5c build/AVR_MEGA/MEGA328P/obj/task.o
                0x00000000000007fa                task_start
 .text.task_run
                0x0000000000000856       0xb6 build/AVR_MEGA/MEGA328P/obj/task.o
                0x0000000000000856                task_run
 .text.task_post
                0x000000000000090c       0x3a build/AVR_MEGA/MEGA328P/obj/task.o
                0x000000000000090c                task_post
 .text.task_poll
                0x0000000000000946       0x18 build/AVR_MEGA/MEGA328P/obj/task.o
                0x0000000000000946                task_poll
 .text.task_autostart
                0x000000000000095e       0x1e build/AVR_MEGA/MEGA328P/obj/task.o
                0x000000000000095e                task_autostart
 .text.ringbuf_write
                0x000000000000097c       0x6a build/AVR_MEGA/MEGA328P/obj/ringbuf.o
                0x000000000000097c                ringbuf_write
 .text.ringbuf_read
                0x00000000000009e6       0x5e build/AVR_MEGA/MEGA328P/obj/ringbuf.o
                0x00000000000009e6                ringbuf_read
 .text.ringbuf_count
                0x0000000000000a44        0x8 build/AVR_MEGA/MEGA328P/obj/ringbuf.o
                0x0000000000000a44                ringbuf_count
 .text.ringbuf_flush
                0x0000000000000a4c       0x38 build/AVR_MEGA/MEGA328P/obj/ringbuf.o
                0x0000000000000a4c                ringbuf_flush
 .text.ringbuf_init
                0x0000000000000a84        0xe build/AVR_MEGA/MEGA328P/obj/ringbuf.o
                0x0000000000000a84                ringbuf_init
 .text.global_interrupt_enable
                0x0000000000000a92        0x4 build/AVR_MEGA/MEGA328P/obj/boot.o
                0x0000000000000a92                global_interrupt_enable
 .text.global_interrupt_disable
                0x0000000000000a96        0x4 build/AVR_MEGA/MEGA328P/obj/boot.o
                0x0000000000000a96                global_interrupt_disable
 .text.is_global_interrupt_enable
                0x0000000000000a9a        0xa build/AVR_MEGA/MEGA328P/obj/boot.o
                0x0000000000000a9a                is_global_interrupt_enable
 .text.platform_init
                0x0000000000000aa4       0x58 build/AVR_MEGA/MEGA328P/obj/boot.o
                0x0000000000000aa4                platform_init
 .text.watchdog_periodic
                0x0000000000000afc        0x4 build/AVR_MEGA/MEGA328P/obj/boot.o
                0x0000000000000afc                watchdog_periodic
 .text.sleep    0x0000000000000b00       0x10 build/AVR_MEGA/MEGA328P/obj/boot.o
                0x0000000000000b00                sleep
 .text.__vector_11
                0x0000000000000b10       0x96 build/AVR_MEGA/MEGA328P/obj/clock.o
                0x0000000000000b10                __vector_11
 .text.__vector_12
                0x0000000000000ba6       0x54 build/AVR_MEGA/MEGA328P/obj/clock.o
                0x0000000000000ba6                __vector_12
 .text.get_clock_time
                0x0000000000000bfa       0x94 build/AVR_MEGA/MEGA328P/obj/clock.o
                0x0000000000000bfa                get_clock_time
 .text.schedule_tickless_timer_platform
                0x0000000000000c8e       0x50 build/AVR_MEGA/MEGA328P/obj/clock.o
                0x0000000000000c8e                schedule_tickless_timer_platform
 .text.pinmode  0x0000000000000cde       0xbe build/AVR_MEGA/MEGA328P/obj/avr_mega_digital.o
 .text.write    0x0000000000000d9c       0xa0 build/AVR_MEGA/MEGA328P/obj/avr_mega_digital.o
 .text.read     0x0000000000000e3c       0x44 build/AVR_MEGA/MEGA328P/obj/avr_mega_digital.o
 .text.end      0x0000000000000e80        0xa build/AVR_MEGA/MEGA328P/obj/avr_mega_uart0.o
 .text.write    0x0000000000000e8a        0xe build/AVR_MEGA/MEGA328P/obj/avr_mega_uart0.o
 .text.print    0x0000000000000e98       0x18 build/AVR_MEGA/MEGA328P/obj/avr_mega_uart0.o
 .text.println  0x0000000000000eb0       0x10 build/AVR_MEGA/MEGA328P/obj/avr_mega_uart0.o
 .text.constPrintArch
                0x0000000000000ec0       0x20 build/AVR_MEGA/MEGA328P/obj/avr_mega_uart0.o
 .text.constPrintlnArch
                0x0000000000000ee0       0x10 build/AVR_MEGA/MEGA328P/obj/avr_mega_uart0.o
 .text.printBytes
                0x0000000000000ef0       0x28 build/AVR_MEGA/MEGA328P/obj/avr_mega_uart0.o
 .text.txComplete
                0x0000000000000f18        0xc build/AVR_MEGA/MEGA328P/obj/avr_mega_uart0.o
 .text.flush    0x0000000000000f24        0x8 build/AVR_MEGA/MEGA328P/obj/avr_mega_uart0.o
 .text.read     0x0000000000000f2c        0x8 build/AVR_MEGA/MEGA328P/obj/avr_mega_uart0.o
 .text.available
                0x0000000000000f34        0x8 build/AVR_MEGA/MEGA328P/obj/avr_mega_uart0.o
 .text.begin    0x0000000000000f3c      0x200 build/AVR_MEGA/MEGA328P/obj/avr_mega_uart0.o
 .text.__vector_18
                0x000000000000113c       0x58 build/AVR_MEGA/MEGA328P/obj/avr_mega_uart0.o
                0x000000000000113c                __vector_18
 .text.avr-libc.fplib
                0x0000000000001194        0xe c:/program files/avr8-gnu-toolchain/bin/../lib/gcc/avr/7.3.0/../../../../avr/lib/avr5\libm.a(addsf3.o)
                0x0000000000001194                __subsf3
                0x0000000000001196                __addsf3
 .text.avr-libc.fplib
                0x00000000000011a2       0xcc c:/program files/avr8-gnu-toolchain/bin/../lib/gcc/avr/7.3.0/../../../../avr/lib/avr5\libm.a(addsf3x.o)
                0x00000000000011c4                __addsf3x
 .text.avr-libc.fplib
                0x000000000000126e        0xa c:/program files/avr8-gnu-toolchain/bin/../lib/gcc/avr/7.3.0/../../../../avr/lib/avr5\libm.a(cmpsf2.o)
                0x000000000000126e                __nesf2
                0x000000000000126e                __eqsf2
                0x000000000000126e                __cmpsf2
                0x000000000000126e                __ltsf2
                0x000000000000126e                __lesf2
 .text.avr-libc.fplib
                0x0000000000001278        0x8 c:/program files/avr8-gnu-toolchain/bin/../lib/gcc/avr/7.3.0/../../../../avr/lib/avr5\libm.a(divsf3.o)
                0x0000000000001278                __divsf3
 .text.avr-libc.fplib
                0x0000000000001280       0xdc c:/program files/avr8-gnu-toolchain/bin/../lib/gcc/avr/7.3.0/../../../../avr/lib/avr5\libm.a(divsf3x.o)
                0x00000000000012a0                __divsf3x
                0x00000000000012a6                __divsf3_pse
 .text.avr-libc.fplib
                0x000000000000135c       0x5e c:/program files/avr8-gnu-toolchain/bin/../lib/gcc/avr/7.3.0/../../../../avr/lib/avr5\libm.a(fixunssfsi.o)
                0x000000000000135c                __fixunssfsi
 .text.avr-libc.fplib
                0x00000000000013ba       0x7a c:/program files/avr8-gnu-toolchain/bin/../lib/gcc/avr/7.3.0/../../../../avr/lib/avr5\libm.a(floatsisf.o)
                0x00000000000013ba                __floatunsisf
                0x00000000000013be                __floatsisf
 .text.avr-libc.fplib
                0x0000000000001434       0x48 c:/program files/avr8-gnu-toolchain/bin/../lib/gcc/avr/7.3.0/../../../../avr/lib/avr5\libm.a(fp_cmp.o)
                0x0000000000001434                __fp_cmp
 .text.avr-libc.fplib
                0x000000000000147c        0xc c:/program files/avr8-gnu-toolchain/bin/../lib/gcc/avr/7.3.0/../../../../avr/lib/avr5\libm.a(fp_inf.o)
                0x000000000000147c                __fp_inf
 .text.avr-libc.fplib
                0x0000000000001488        0x6 c:/program files/avr8-gnu-toolchain/bin/../lib/gcc/avr/7.3.0/../../../../avr/lib/avr5\libm.a(fp_nan.o)
                0x0000000000001488                __fp_nan
 .text.avr-libc.fplib
                0x000000000000148e        0xe c:/program files/avr8-gnu-toolchain/bin/../lib/gcc/avr/7.3.0/../../../../avr/lib/avr5\libm.a(fp_pscA.o)
                0x000000000000148e                __fp_pscA
 .text.avr-libc.fplib
                0x000000000000149c        0xe c:/program files/avr8-gnu-toolchain/bin/../lib/gcc/avr/7.3.0/../../../../avr/lib/avr5\libm.a(fp_pscB.o)
                0x000000000000149c                __fp_pscB
 .text.avr-libc.fplib
                0x00000000000014aa       0x22 c:/program files/avr8-gnu-toolchain/bin/../lib/gcc/avr/7.3.0/../../../../avr/lib/avr5\libm.a(fp_round.o)
                0x00000000000014aa                __fp_round
 .text.avr-libc.fplib
                0x00000000000014cc       0x44 c:/program files/avr8-gnu-toolchain/bin/../lib/gcc/avr/7.3.0/../../../../avr/lib/avr5\libm.a(fp_split3.o)
                0x00000000000014cc                __fp_split3
                0x00000000000014dc                __fp_splitA
 .text.avr-libc.fplib
                0x0000000000001510        0xe c:/program files/avr8-gnu-toolchain/bin/../lib/gcc/avr/7.3.0/../../../../avr/lib/avr5\libm.a(fp_zero.o)
                0x0000000000001510                __fp_zero
                0x0000000000001512                __fp_szero
 .text.avr-libc.fplib
                0x000000000000151e        0x8 c:/program files/avr8-gnu-toolchain/bin/../lib/gcc/avr/7.3.0/../../../../avr/lib/avr5\libm.a(mulsf3.o)
                0x000000000000151e                __mulsf3
 .text.avr-libc.fplib
                0x0000000000001526       0xd2 c:/program files/avr8-gnu-toolchain/bin/../lib/gcc/avr/7.3.0/../../../../avr/lib/avr5\libm.a(mulsf3x.o)
                0x0000000000001544                __mulsf3x
                0x000000000000154a                __mulsf3_pse
 .text.libgcc.div
                0x00000000000015f8       0x28 c:/program files/avr8-gnu-toolchain/bin/../lib/gcc/avr/7.3.0/avr5\libgcc.a(_udivmodhi4.o)
                0x00000000000015f8                __udivmodhi4
 .text.libgcc.div
                0x0000000000001620       0x44 c:/program files/avr8-gnu-toolchain/bin/../lib/gcc/avr/7.3.0/avr5\libgcc.a(_udivmodsi4.o)
                0x0000000000001620                __udivmodsi4
                0x0000000000001664                . = ALIGN (0x2)
 *(.fini9)
 .fini9         0x0000000000001664        0x0 c:/program files/avr8-gnu-toolchain/bin/../lib/gcc/avr/7.3.0/avr5\libgcc.a(_exit.o)
                0x0000000000001664                _exit
                0x0000000000001664                exit
 *(.fini9)
 *(.fini8)
 *(.fini8)
 *(.fini7)
 *(.fini7)
 *(.fini6)
 *(.fini6)
 *(.fini5)
 *(.fini5)
 *(.fini4)
 *(.fini4)
 *(.fini3)
 *(.fini3)
 *(.fini2)
 *(.fini2)
 *(.fini1)
 *(.fini1)
 *(.fini0)
 .fini0         0x0000000000001664        0x4 c:/program files/avr8-gnu-toolchain/bin/../lib/gcc/avr/7.3.0/avr5\libgcc.a(_exit.o)
 *(.fini0)
                0x0000000000001668                _etext = .

.data           0x0000000000800100       0x7e load address 0x0000000000001668
                0x0000000000800100                PROVIDE (__data_start, .)
 *(.data)
 *(.data*)
 .data.autostart_tasks
                0x0000000000800100        0x8 build/AVR_MEGA/MEGA328P/obj/hello-world.o
                0x0000000000800100                autostart_tasks
 .data.led      0x0000000000800108       0x15 build/AVR_MEGA/MEGA328P/obj/hello-world.o
                0x0000000000800108                led
 .data.reply    0x000000000080011d       0x15 build/AVR_MEGA/MEGA328P/obj/hello-world.o
                0x000000000080011d                reply
 .data.hello    0x0000000000800132       0x15 build/AVR_MEGA/MEGA328P/obj/hello-world.o
                0x0000000000800132                hello
 .data.ptimer_task
                0x0000000000800147       0x15 build/AVR_MEGA/MEGA328P/obj/ptimer.o
                0x0000000000800147                ptimer_task
 *(.gnu.linkonce.d*)
 *(.rodata)
 *(.rodata*)
 .rodata.avr_mega_digital_driver
                0x000000000080015c        0x6 build/AVR_MEGA/MEGA328P/obj/avr_mega_digital.o
                0x000000000080015c                avr_mega_digital_driver
 .rodata.CSWTCH.13
                0x0000000000800162        0x3 build/AVR_MEGA/MEGA328P/obj/avr_mega_uart0.o
 .rodata.avr_mega_uart0_driver
                0x0000000000800165       0x18 build/AVR_MEGA/MEGA328P/obj/avr_mega_uart0.o
                0x0000000000800165                avr_mega_uart0_driver
 *(.gnu.linkonce.r*)
                0x000000000080017e                . = ALIGN (0x2)
 *fill*         0x000000000080017d        0x1 
                0x000000000080017e                _edata = .
                0x000000000080017e                PROVIDE (__data_end, .)

.bss            0x000000000080017e       0xfb
                0x000000000080017e                PROVIDE (__bss_start, .)
 *(.bss)
 *(.bss*)
 .bss.x.1799    0x000000000080017e        0x1 build/AVR_MEGA/MEGA328P/obj/hello-world.o
 .bss.ptimer_list
                0x000000000080017f        0x2 build/AVR_MEGA/MEGA328P/obj/ptimer.o
 .bss.poll_requested
                0x0000000000800181        0x1 build/AVR_MEGA/MEGA328P/obj/task.o
 .bss.events    0x0000000000800182       0xa0 build/AVR_MEGA/MEGA328P/obj/task.o
 .bss.fevent    0x0000000000800222        0x1 build/AVR_MEGA/MEGA328P/obj/task.o
 .bss.nevents   0x0000000000800223        0x1 build/AVR_MEGA/MEGA328P/obj/task.o
 .bss.task_current
                0x0000000000800224        0x2 build/AVR_MEGA/MEGA328P/obj/task.o
                0x0000000000800224                task_current
 .bss.task_list
                0x0000000000800226        0x2 build/AVR_MEGA/MEGA328P/obj/task.o
                0x0000000000800226                task_list
 .bss.milliseconds
                0x0000000000800228        0x2 build/AVR_MEGA/MEGA328P/obj/clock.o
 .bss.seconds   0x000000000080022a        0x4 build/AVR_MEGA/MEGA328P/obj/clock.o
 .bss.buffer_struct_rx
                0x000000000080022e        0xb build/AVR_MEGA/MEGA328P/obj/avr_mega_uart0.o
 .bss.bufferRx  0x0000000000800239       0x40 build/AVR_MEGA/MEGA328P/obj/avr_mega_uart0.o
 *(COMMON)
                0x0000000000800279                PROVIDE (__bss_end, .)
                0x0000000000001668                __data_load_start = LOADADDR (.data)
                0x00000000000016e6                __data_load_end = (__data_load_start + SIZEOF (.data))

.noinit         0x0000000000800279        0x0
                [!provide]                        PROVIDE (__noinit_start, .)
 *(.noinit*)
                [!provide]                        PROVIDE (__noinit_end, .)
                0x0000000000800279                _end = .
                [!provide]                        PROVIDE (__heap_start, .)

.eeprom         0x0000000000810000        0x0
 *(.eeprom*)
                0x0000000000810000                __eeprom_end = .

.fuse
 *(.fuse)
 *(.lfuse)
 *(.hfuse)
 *(.efuse)

.lock
 *(.lock*)

.signature
 *(.signature*)

.user_signatures
 *(.user_signatures*)

.stab
 *(.stab)

.stabstr
 *(.stabstr)

.stab.excl
 *(.stab.excl)

.stab.exclstr
 *(.stab.exclstr)

.stab.index
 *(.stab.index)

.stab.indexstr
 *(.stab.indexstr)

.comment        0x0000000000000000       0x30
 *(.comment)
 .comment       0x0000000000000000       0x30 build/AVR_MEGA/MEGA328P/obj/hello-world.o
                                         0x31 (size before relaxing)
 .comment       0x0000000000000030       0x31 build/AVR_MEGA/MEGA328P/obj/main.o
 .comment       0x0000000000000030       0x31 build/AVR_MEGA/MEGA328P/obj/ptimer.o
 .comment       0x0000000000000030       0x31 build/AVR_MEGA/MEGA328P/obj/task.o
 .comment       0x0000000000000030       0x31 build/AVR_MEGA/MEGA328P/obj/ringbuf.o
 .comment       0x0000000000000030       0x31 build/AVR_MEGA/MEGA328P/obj/boot.o
 .comment       0x0000000000000030       0x31 build/AVR_MEGA/MEGA328P/obj/clock.o
 .comment       0x0000000000000030       0x31 build/AVR_MEGA/MEGA328P/obj/avr_mega_digital.o
 .comment       0x0000000000000030       0x31 build/AVR_MEGA/MEGA328P/obj/avr_mega_uart0.o

.note.gnu.avr.deviceinfo
                0x0000000000000000       0x40
 .note.gnu.avr.deviceinfo
                0x0000000000000000       0x40 c:/program files/avr8-gnu-toolchain/bin/../lib/gcc/avr/7.3.0/../../../../avr/lib/avr5/crtatmega328p.o

.note.gnu.build-id
 *(.note.gnu.build-id)

.debug
 *(.debug)

.line
 *(.line)

.debug_srcinfo
 *(.debug_srcinfo)

.debug_sfnames
 *(.debug_sfnames)

.debug_aranges  0x0000000000000000      0x290
 *(.debug_aranges)
 .debug_aranges
                0x0000000000000000       0x38 build/AVR_MEGA/MEGA328P/obj/hello-world.o
 .debug_aranges
                0x0000000000000038       0x20 build/AVR_MEGA/MEGA328P/obj/main.o
 .debug_aranges
                0x0000000000000058       0x50 build/AVR_MEGA/MEGA328P/obj/ptimer.o
 .debug_aranges
                0x00000000000000a8       0x68 build/AVR_MEGA/MEGA328P/obj/task.o
 .debug_aranges
                0x0000000000000110       0x48 build/AVR_MEGA/MEGA328P/obj/ringbuf.o
 .debug_aranges
                0x0000000000000158       0x50 build/AVR_MEGA/MEGA328P/obj/boot.o
 .debug_aranges
                0x00000000000001a8       0x38 build/AVR_MEGA/MEGA328P/obj/clock.o
 .debug_aranges
                0x00000000000001e0       0x30 build/AVR_MEGA/MEGA328P/obj/avr_mega_digital.o
 .debug_aranges
                0x0000000000000210       0x80 build/AVR_MEGA/MEGA328P/obj/avr_mega_uart0.o

.debug_pubnames
 *(.debug_pubnames)

.debug_info     0x0000000000000000     0x2efb
 *(.debug_info .gnu.linkonce.wi.*)
 .debug_info    0x0000000000000000      0x5f4 c:/program files/avr8-gnu-toolchain/bin/../lib/gcc/avr/7.3.0/../../../../avr/lib/avr5/crtatmega328p.o
 .debug_info    0x00000000000005f4      0x7e9 build/AVR_MEGA/MEGA328P/obj/hello-world.o
 .debug_info    0x0000000000000ddd      0x2dd build/AVR_MEGA/MEGA328P/obj/main.o
 .debug_info    0x00000000000010ba      0x5ab build/AVR_MEGA/MEGA328P/obj/ptimer.o
 .debug_info    0x0000000000001665      0x6f3 build/AVR_MEGA/MEGA328P/obj/task.o
 .debug_info    0x0000000000001d58      0x301 build/AVR_MEGA/MEGA328P/obj/ringbuf.o
 .debug_info    0x0000000000002059      0x1d8 build/AVR_MEGA/MEGA328P/obj/boot.o
 .debug_info    0x0000000000002231      0x31a build/AVR_MEGA/MEGA328P/obj/clock.o
 .debug_info    0x000000000000254b      0x2ba build/AVR_MEGA/MEGA328P/obj/avr_mega_digital.o
 .debug_info    0x0000000000002805      0x6f6 build/AVR_MEGA/MEGA328P/obj/avr_mega_uart0.o

.debug_abbrev   0x0000000000000000     0x1678
 *(.debug_abbrev)
 .debug_abbrev  0x0000000000000000      0x5a2 c:/program files/avr8-gnu-toolchain/bin/../lib/gcc/avr/7.3.0/../../../../avr/lib/avr5/crtatmega328p.o
 .debug_abbrev  0x00000000000005a2      0x26f build/AVR_MEGA/MEGA328P/obj/hello-world.o
 .debug_abbrev  0x0000000000000811      0x10e build/AVR_MEGA/MEGA328P/obj/main.o
 .debug_abbrev  0x000000000000091f      0x2a1 build/AVR_MEGA/MEGA328P/obj/ptimer.o
 .debug_abbrev  0x0000000000000bc0      0x341 build/AVR_MEGA/MEGA328P/obj/task.o
 .debug_abbrev  0x0000000000000f01      0x13e build/AVR_MEGA/MEGA328P/obj/ringbuf.o
 .debug_abbrev  0x000000000000103f      0x139 build/AVR_MEGA/MEGA328P/obj/boot.o
 .debug_abbrev  0x0000000000001178      0x13f build/AVR_MEGA/MEGA328P/obj/clock.o
 .debug_abbrev  0x00000000000012b7      0x17f build/AVR_MEGA/MEGA328P/obj/avr_mega_digital.o
 .debug_abbrev  0x0000000000001436      0x242 build/AVR_MEGA/MEGA328P/obj/avr_mega_uart0.o

.debug_line     0x0000000000000000     0x1791
 *(.debug_line .debug_line.* .debug_line_end)
 .debug_line    0x0000000000000000       0x1a c:/program files/avr8-gnu-toolchain/bin/../lib/gcc/avr/7.3.0/../../../../avr/lib/avr5/crtatmega328p.o
 .debug_line    0x000000000000001a      0x2a2 build/AVR_MEGA/MEGA328P/obj/hello-world.o
 .debug_line    0x00000000000002bc       0xdd build/AVR_MEGA/MEGA328P/obj/main.o
 .debug_line    0x0000000000000399      0x29f build/AVR_MEGA/MEGA328P/obj/ptimer.o
 .debug_line    0x0000000000000638      0x3a5 build/AVR_MEGA/MEGA328P/obj/task.o
 .debug_line    0x00000000000009dd      0x229 build/AVR_MEGA/MEGA328P/obj/ringbuf.o
 .debug_line    0x0000000000000c06      0x221 build/AVR_MEGA/MEGA328P/obj/boot.o
 .debug_line    0x0000000000000e27      0x29a build/AVR_MEGA/MEGA328P/obj/clock.o
 .debug_line    0x00000000000010c1      0x304 build/AVR_MEGA/MEGA328P/obj/avr_mega_digital.o
 .debug_line    0x00000000000013c5      0x3cc build/AVR_MEGA/MEGA328P/obj/avr_mega_uart0.o

.debug_frame    0x0000000000000000      0x6cc
 *(.debug_frame)
 .debug_frame   0x0000000000000000       0x6c build/AVR_MEGA/MEGA328P/obj/hello-world.o
 .debug_frame   0x000000000000006c       0x24 build/AVR_MEGA/MEGA328P/obj/main.o
 .debug_frame   0x0000000000000090      0x100 build/AVR_MEGA/MEGA328P/obj/ptimer.o
 .debug_frame   0x0000000000000190      0x108 build/AVR_MEGA/MEGA328P/obj/task.o
 .debug_frame   0x0000000000000298       0xa8 build/AVR_MEGA/MEGA328P/obj/ringbuf.o
 .debug_frame   0x0000000000000340       0x84 build/AVR_MEGA/MEGA328P/obj/boot.o
 .debug_frame   0x00000000000003c4      0x120 build/AVR_MEGA/MEGA328P/obj/clock.o
 .debug_frame   0x00000000000004e4       0x44 build/AVR_MEGA/MEGA328P/obj/avr_mega_digital.o
 .debug_frame   0x0000000000000528      0x1a4 build/AVR_MEGA/MEGA328P/obj/avr_mega_uart0.o

.debug_str      0x0000000000000000      0xa84
 *(.debug_str)
 .debug_str     0x0000000000000000      0x208 c:/program files/avr8-gnu-toolchain/bin/../lib/gcc/avr/7.3.0/../../../../avr/lib/avr5/crtatmega328p.o
 .debug_str     0x0000000000000208      0x38d build/AVR_MEGA/MEGA328P/obj/hello-world.o
                                        0x40e (size before relaxing)
 .debug_str     0x0000000000000595       0x74 build/AVR_MEGA/MEGA328P/obj/main.o
                                        0x345 (size before relaxing)
 .debug_str     0x0000000000000609      0x129 build/AVR_MEGA/MEGA328P/obj/ptimer.o
                                        0x457 (size before relaxing)
 .debug_str     0x0000000000000732       0x95 build/AVR_MEGA/MEGA328P/obj/task.o
                                        0x39e (size before relaxing)
 .debug_str     0x00000000000007c7       0xfb build/AVR_MEGA/MEGA328P/obj/ringbuf.o
                                        0x2fb (size before relaxing)
 .debug_str     0x00000000000008c2       0x6c build/AVR_MEGA/MEGA328P/obj/boot.o
                                        0x2a5 (size before relaxing)
 .debug_str     0x000000000000092e       0x80 build/AVR_MEGA/MEGA328P/obj/clock.o
                                        0x3ca (size before relaxing)
 .debug_str     0x00000000000009ae       0x51 build/AVR_MEGA/MEGA328P/obj/avr_mega_digital.o
                                        0x23e (size before relaxing)
 .debug_str     0x00000000000009ff       0x85 build/AVR_MEGA/MEGA328P/obj/avr_mega_uart0.o
                                        0x395 (size before relaxing)

.debug_loc      0x0000000000000000     0x2085
 *(.debug_loc)
 .debug_loc     0x0000000000000000      0x25a build/AVR_MEGA/MEGA328P/obj/hello-world.o
 .debug_loc     0x000000000000025a       0x1e build/AVR_MEGA/MEGA328P/obj/main.o
 .debug_loc     0x0000000000000278      0x55b build/AVR_MEGA/MEGA328P/obj/ptimer.o
 .debug_loc     0x00000000000007d3      0x61f build/AVR_MEGA/MEGA328P/obj/task.o
 .debug_loc     0x0000000000000df2      0x2fd build/AVR_MEGA/MEGA328P/obj/ringbuf.o
 .debug_loc     0x00000000000010ef       0x14 build/AVR_MEGA/MEGA328P/obj/boot.o
 .debug_loc     0x0000000000001103      0x428 build/AVR_MEGA/MEGA328P/obj/clock.o
 .debug_loc     0x000000000000152b      0x55b build/AVR_MEGA/MEGA328P/obj/avr_mega_digital.o
 .debug_loc     0x0000000000001a86      0x5ff build/AVR_MEGA/MEGA328P/obj/avr_mega_uart0.o

.debug_macinfo
 *(.debug_macinfo)

.debug_weaknames
 *(.debug_weaknames)

.debug_funcnames
 *(.debug_funcnames)

.debug_typenames
 *(.debug_typenames)

.debug_varnames
 *(.debug_varnames)

.debug_pubtypes
 *(.debug_pubtypes)

.debug_ranges   0x0000000000000000      0x3d8
 *(.debug_ranges)
 .debug_ranges  0x0000000000000000       0xb8 build/AVR_MEGA/MEGA328P/obj/hello-world.o
 .debug_ranges  0x00000000000000b8       0x10 build/AVR_MEGA/MEGA328P/obj/main.o
 .debug_ranges  0x00000000000000c8       0x88 build/AVR_MEGA/MEGA328P/obj/ptimer.o
 .debug_ranges  0x0000000000000150       0x58 build/AVR_MEGA/MEGA328P/obj/task.o
 .debug_ranges  0x00000000000001a8       0x38 build/AVR_MEGA/MEGA328P/obj/ringbuf.o
 .debug_ranges  0x00000000000001e0       0x40 build/AVR_MEGA/MEGA328P/obj/boot.o
 .debug_ranges  0x0000000000000220       0x40 build/AVR_MEGA/MEGA328P/obj/clock.o
 .debug_ranges  0x0000000000000260      0x108 build/AVR_MEGA/MEGA328P/obj/avr_mega_digital.o
 .debug_ranges  0x0000000000000368       0x70 build/AVR_MEGA/MEGA328P/obj/avr_mega_uart0.o

.debug_macro
 *(.debug_macro)
OUTPUT(build/AVR_MEGA/MEGA328P/exe/hello-world.elf elf32-avr)
LOAD linker stubs

Cross Reference Table

Symbol                                            File
MosTimer_expired                                  build/AVR_MEGA/MEGA328P/obj/MosTimer.o
MosTimer_reset                                    build/AVR_MEGA/MEGA328P/obj/MosTimer.o
MosTimer_set                                      build/AVR_MEGA/MEGA328P/obj/MosTimer.o
SevenSegmentMulti_begin                           build/AVR_MEGA/MEGA328P/obj/SevenSegmentMulti.o
SevenSegmentMulti_callback                        build/AVR_MEGA/MEGA328P/obj/SevenSegmentMulti.o
SevenSegmentMulti_config                          build/AVR_MEGA/MEGA328P/obj/SevenSegmentMulti.o
SevenSegmentMulti_customPrint                     build/AVR_MEGA/MEGA328P/obj/SevenSegmentMulti.o
SevenSegmentMulti_print                           build/AVR_MEGA/MEGA328P/obj/SevenSegmentMulti.o
SevenSegmentMulti_printDot                        build/AVR_MEGA/MEGA328P/obj/SevenSegmentMulti.o
SevenSegmentMulti_printDotReverse                 build/AVR_MEGA/MEGA328P/obj/SevenSegmentMulti.o
SevenSegmentMulti_printReverse                    build/AVR_MEGA/MEGA328P/obj/SevenSegmentMulti.o
SevenSegment_begin                                build/AVR_MEGA/MEGA328P/obj/SevenSegment.o
SevenSegment_customPrint                          build/AVR_MEGA/MEGA328P/obj/SevenSegment.o
SevenSegment_print                                build/AVR_MEGA/MEGA328P/obj/SevenSegment.o
SevenSegment_printDot                             build/AVR_MEGA/MEGA328P/obj/SevenSegment.o
SevenSegment_printDotReverse                      build/AVR_MEGA/MEGA328P/obj/SevenSegment.o
SevenSegment_printReverse                         build/AVR_MEGA/MEGA328P/obj/SevenSegment.o
SevenSegment_symbolPrint                          build/AVR_MEGA/MEGA328P/obj/SevenSegment.o
                                                  build/AVR_MEGA/MEGA328P/obj/SevenSegmentMulti.o
__DATA_REGION_LENGTH__                            c:/program files/avr8-gnu-toolchain/bin/../lib/gcc/avr/7.3.0/../../../../avr/lib/avr5/crtatmega328p.o
__DATA_REGION_ORIGIN__                            c:/program files/avr8-gnu-toolchain/bin/../lib/gcc/avr/7.3.0/../../../../avr/lib/avr5/crtatmega328p.o
__EEPROM_REGION_LENGTH__                          c:/program files/avr8-gnu-toolchain/bin/../lib/gcc/avr/7.3.0/../../../../avr/lib/avr5/crtatmega328p.o
__FUSE_REGION_LENGTH__                            c:/program files/avr8-gnu-toolchain/bin/../lib/gcc/avr/7.3.0/../../../../avr/lib/avr5/crtatmega328p.o
__TEXT_REGION_LENGTH__                            c:/program files/avr8-gnu-toolchain/bin/../lib/gcc/avr/7.3.0/../../../../avr/lib/avr5/crtatmega328p.o
__addsf3                                          c:/program files/avr8-gnu-toolchain/bin/../lib/gcc/avr/7.3.0/../../../../avr/lib/avr5\libm.a(addsf3.o)
                                                  build/AVR_MEGA/MEGA328P/obj/stdlib.o
                                                  build/AVR_MEGA/MEGA328P/obj/MosTimer.o
__addsf3x                                         c:/program files/avr8-gnu-toolchain/bin/../lib/gcc/avr/7.3.0/../../../../avr/lib/avr5\libm.a(addsf3x.o)
                                                  c:/program files/avr8-gnu-toolchain/bin/../lib/gcc/avr/7.3.0/../../../../avr/lib/avr5\libm.a(addsf3.o)
__bad_interrupt                                   c:/program files/avr8-gnu-toolchain/bin/../lib/gcc/avr/7.3.0/../../../../avr/lib/avr5/crtatmega328p.o
__bss_end                                         c:/program files/avr8-gnu-toolchain/bin/../lib/gcc/avr/7.3.0/avr5\libgcc.a(_clear_bss.o)
__bss_start                                       c:/program files/avr8-gnu-toolchain/bin/../lib/gcc/avr/7.3.0/avr5\libgcc.a(_clear_bss.o)
__cmpsf2                                          c:/program files/avr8-gnu-toolchain/bin/../lib/gcc/avr/7.3.0/../../../../avr/lib/avr5\libm.a(cmpsf2.o)
__data_end                                        c:/program files/avr8-gnu-toolchain/bin/../lib/gcc/avr/7.3.0/avr5\libgcc.a(_copy_data.o)
__data_load_start                                 c:/program files/avr8-gnu-toolchain/bin/../lib/gcc/avr/7.3.0/avr5\libgcc.a(_copy_data.o)
__data_start                                      c:/program files/avr8-gnu-toolchain/bin/../lib/gcc/avr/7.3.0/avr5\libgcc.a(_copy_data.o)
__divmodhi4                                       c:/program files/avr8-gnu-toolchain/bin/../lib/gcc/avr/7.3.0/avr5\libgcc.a(_divmodhi4.o)
                                                  build/AVR_MEGA/MEGA328P/obj/stdlib.o
__divmodsi4                                       c:/program files/avr8-gnu-toolchain/bin/../lib/gcc/avr/7.3.0/avr5\libgcc.a(_divmodsi4.o)
                                                  build/AVR_MEGA/MEGA328P/obj/stdlib.o
__divsf3                                          c:/program files/avr8-gnu-toolchain/bin/../lib/gcc/avr/7.3.0/../../../../avr/lib/avr5\libm.a(divsf3.o)
                                                  build/AVR_MEGA/MEGA328P/obj/avr_mega_uart0.o
                                                  build/AVR_MEGA/MEGA328P/obj/avr_mega_i2c_master.o
                                                  build/AVR_MEGA/MEGA328P/obj/MosTimer.o
__divsf3_pse                                      c:/program files/avr8-gnu-toolchain/bin/../lib/gcc/avr/7.3.0/../../../../avr/lib/avr5\libm.a(divsf3x.o)
__divsf3x                                         c:/program files/avr8-gnu-toolchain/bin/../lib/gcc/avr/7.3.0/../../../../avr/lib/avr5\libm.a(divsf3x.o)
                                                  c:/program files/avr8-gnu-toolchain/bin/../lib/gcc/avr/7.3.0/../../../../avr/lib/avr5\libm.a(divsf3.o)
__do_clear_bss                                    c:/program files/avr8-gnu-toolchain/bin/../lib/gcc/avr/7.3.0/avr5\libgcc.a(_clear_bss.o)
                                                  build/AVR_MEGA/MEGA328P/obj/avr_mega_uart0.o
                                                  build/AVR_MEGA/MEGA328P/obj/clock.o
                                                  build/AVR_MEGA/MEGA328P/obj/sdcard.o
                                                  build/AVR_MEGA/MEGA328P/obj/rtc_ds3231.o
                                                  build/AVR_MEGA/MEGA328P/obj/rtc_ds1307.o
                                                  build/AVR_MEGA/MEGA328P/obj/ff.o
                                                  build/AVR_MEGA/MEGA328P/obj/task.o
                                                  build/AVR_MEGA/MEGA328P/obj/ptimer.o
                                                  build/AVR_MEGA/MEGA328P/obj/hello-world.o
__do_copy_data                                    c:/program files/avr8-gnu-toolchain/bin/../lib/gcc/avr/7.3.0/avr5\libgcc.a(_copy_data.o)
                                                  build/AVR_MEGA/MEGA328P/obj/avr_mega_uart0.o
                                                  build/AVR_MEGA/MEGA328P/obj/avr_mega_spi_master.o
                                                  build/AVR_MEGA/MEGA328P/obj/avr_mega_i2c_master.o
                                                  build/AVR_MEGA/MEGA328P/obj/avr_mega_digital.o
                                                  build/AVR_MEGA/MEGA328P/obj/avr_mega_analog_input.o
                                                  build/AVR_MEGA/MEGA328P/obj/stdlib.o
                                                  build/AVR_MEGA/MEGA328P/obj/SevenSegment.o
                                                  build/AVR_MEGA/MEGA328P/obj/sdcard.o
                                                  build/AVR_MEGA/MEGA328P/obj/rtc_ds3231.o
                                                  build/AVR_MEGA/MEGA328P/obj/ff.o
                                                  build/AVR_MEGA/MEGA328P/obj/ptimer.o
                                                  build/AVR_MEGA/MEGA328P/obj/hello-world.o
__eqsf2                                           c:/program files/avr8-gnu-toolchain/bin/../lib/gcc/avr/7.3.0/../../../../avr/lib/avr5\libm.a(cmpsf2.o)
__fixsfsi                                         c:/program files/avr8-gnu-toolchain/bin/../lib/gcc/avr/7.3.0/../../../../avr/lib/avr5\libm.a(fixsfsi.o)
                                                  build/AVR_MEGA/MEGA328P/obj/stdlib.o
__fixunssfsi                                      c:/program files/avr8-gnu-toolchain/bin/../lib/gcc/avr/7.3.0/../../../../avr/lib/avr5\libm.a(fixunssfsi.o)
                                                  c:/program files/avr8-gnu-toolchain/bin/../lib/gcc/avr/7.3.0/../../../../avr/lib/avr5\libm.a(fixsfsi.o)
                                                  build/AVR_MEGA/MEGA328P/obj/avr_mega_uart0.o
                                                  build/AVR_MEGA/MEGA328P/obj/avr_mega_i2c_master.o
                                                  build/AVR_MEGA/MEGA328P/obj/stdlib.o
                                                  build/AVR_MEGA/MEGA328P/obj/ptimer.o
__floatsisf                                       c:/program files/avr8-gnu-toolchain/bin/../lib/gcc/avr/7.3.0/../../../../avr/lib/avr5\libm.a(floatsisf.o)
                                                  build/AVR_MEGA/MEGA328P/obj/stdlib.o
                                                  build/AVR_MEGA/MEGA328P/obj/rtc_ds3231.o
__floatunsisf                                     c:/program files/avr8-gnu-toolchain/bin/../lib/gcc/avr/7.3.0/../../../../avr/lib/avr5\libm.a(floatsisf.o)
                                                  build/AVR_MEGA/MEGA328P/obj/avr_mega_uart0.o
                                                  build/AVR_MEGA/MEGA328P/obj/avr_mega_i2c_master.o
                                                  build/AVR_MEGA/MEGA328P/obj/MosTimer.o
__fp_cmp                                          c:/program files/avr8-gnu-toolchain/bin/../lib/gcc/avr/7.3.0/../../../../avr/lib/avr5\libm.a(fp_cmp.o)
                                                  c:/program files/avr8-gnu-toolchain/bin/../lib/gcc/avr/7.3.0/../../../../avr/lib/avr5\libm.a(cmpsf2.o)
__fp_inf                                          c:/program files/avr8-gnu-toolchain/bin/../lib/gcc/avr/7.3.0/../../../../avr/lib/avr5\libm.a(fp_inf.o)
                                                  c:/program files/avr8-gnu-toolchain/bin/../lib/gcc/avr/7.3.0/../../../../avr/lib/avr5\libm.a(mulsf3x.o)
                                                  c:/program files/avr8-gnu-toolchain/bin/../lib/gcc/avr/7.3.0/../../../../avr/lib/avr5\libm.a(divsf3x.o)
                                                  c:/program files/avr8-gnu-toolchain/bin/../lib/gcc/avr/7.3.0/../../../../avr/lib/avr5\libm.a(addsf3x.o)
__fp_nan                                          c:/program files/avr8-gnu-toolchain/bin/../lib/gcc/avr/7.3.0/../../../../avr/lib/avr5\libm.a(fp_nan.o)
                                                  c:/program files/avr8-gnu-toolchain/bin/../lib/gcc/avr/7.3.0/../../../../avr/lib/avr5\libm.a(mulsf3x.o)
                                                  c:/program files/avr8-gnu-toolchain/bin/../lib/gcc/avr/7.3.0/../../../../avr/lib/avr5\libm.a(divsf3x.o)
                                                  c:/program files/avr8-gnu-toolchain/bin/../lib/gcc/avr/7.3.0/../../../../avr/lib/avr5\libm.a(addsf3x.o)
__fp_pscA                                         c:/program files/avr8-gnu-toolchain/bin/../lib/gcc/avr/7.3.0/../../../../avr/lib/avr5\libm.a(fp_pscA.o)
                                                  c:/program files/avr8-gnu-toolchain/bin/../lib/gcc/avr/7.3.0/../../../../avr/lib/avr5\libm.a(mulsf3x.o)
                                                  c:/program files/avr8-gnu-toolchain/bin/../lib/gcc/avr/7.3.0/../../../../avr/lib/avr5\libm.a(divsf3x.o)
                                                  c:/program files/avr8-gnu-toolchain/bin/../lib/gcc/avr/7.3.0/../../../../avr/lib/avr5\libm.a(addsf3x.o)
__fp_pscB                                         c:/program files/avr8-gnu-toolchain/bin/../lib/gcc/avr/7.3.0/../../../../avr/lib/avr5\libm.a(fp_pscB.o)
                                                  c:/program files/avr8-gnu-toolchain/bin/../lib/gcc/avr/7.3.0/../../../../avr/lib/avr5\libm.a(mulsf3x.o)
                                                  c:/program files/avr8-gnu-toolchain/bin/../lib/gcc/avr/7.3.0/../../../../avr/lib/avr5\libm.a(divsf3x.o)
                                                  c:/program files/avr8-gnu-toolchain/bin/../lib/gcc/avr/7.3.0/../../../../avr/lib/avr5\libm.a(addsf3x.o)
__fp_round                                        c:/program files/avr8-gnu-toolchain/bin/../lib/gcc/avr/7.3.0/../../../../avr/lib/avr5\libm.a(fp_round.o)
                                                  c:/program files/avr8-gnu-toolchain/bin/../lib/gcc/avr/7.3.0/../../../../avr/lib/avr5\libm.a(mulsf3.o)
                                                  c:/program files/avr8-gnu-toolchain/bin/../lib/gcc/avr/7.3.0/../../../../avr/lib/avr5\libm.a(divsf3.o)
                                                  c:/program files/avr8-gnu-toolchain/bin/../lib/gcc/avr/7.3.0/../../../../avr/lib/avr5\libm.a(addsf3.o)
__fp_split3                                       c:/program files/avr8-gnu-toolchain/bin/../lib/gcc/avr/7.3.0/../../../../avr/lib/avr5\libm.a(fp_split3.o)
                                                  c:/program files/avr8-gnu-toolchain/bin/../lib/gcc/avr/7.3.0/../../../../avr/lib/avr5\libm.a(mulsf3x.o)
                                                  c:/program files/avr8-gnu-toolchain/bin/../lib/gcc/avr/7.3.0/../../../../avr/lib/avr5\libm.a(divsf3x.o)
                                                  c:/program files/avr8-gnu-toolchain/bin/../lib/gcc/avr/7.3.0/../../../../avr/lib/avr5\libm.a(addsf3x.o)
__fp_splitA                                       c:/program files/avr8-gnu-toolchain/bin/../lib/gcc/avr/7.3.0/../../../../avr/lib/avr5\libm.a(fp_split3.o)
                                                  c:/program files/avr8-gnu-toolchain/bin/../lib/gcc/avr/7.3.0/../../../../avr/lib/avr5\libm.a(fixunssfsi.o)
__fp_szero                                        c:/program files/avr8-gnu-toolchain/bin/../lib/gcc/avr/7.3.0/../../../../avr/lib/avr5\libm.a(fp_zero.o)
                                                  c:/program files/avr8-gnu-toolchain/bin/../lib/gcc/avr/7.3.0/../../../../avr/lib/avr5\libm.a(mulsf3x.o)
                                                  c:/program files/avr8-gnu-toolchain/bin/../lib/gcc/avr/7.3.0/../../../../avr/lib/avr5\libm.a(fixsfsi.o)
                                                  c:/program files/avr8-gnu-toolchain/bin/../lib/gcc/avr/7.3.0/../../../../avr/lib/avr5\libm.a(divsf3x.o)
__fp_zero                                         c:/program files/avr8-gnu-toolchain/bin/../lib/gcc/avr/7.3.0/../../../../avr/lib/avr5\libm.a(fp_zero.o)
                                                  c:/program files/avr8-gnu-toolchain/bin/../lib/gcc/avr/7.3.0/../../../../avr/lib/avr5\libm.a(fixunssfsi.o)
                                                  c:/program files/avr8-gnu-toolchain/bin/../lib/gcc/avr/7.3.0/../../../../avr/lib/avr5\libm.a(addsf3x.o)
__heap_end                                        c:/program files/avr8-gnu-toolchain/bin/../lib/gcc/avr/7.3.0/../../../../avr/lib/avr5/crtatmega328p.o
__init                                            c:/program files/avr8-gnu-toolchain/bin/../lib/gcc/avr/7.3.0/../../../../avr/lib/avr5/crtatmega328p.o
__lesf2                                           c:/program files/avr8-gnu-toolchain/bin/../lib/gcc/avr/7.3.0/../../../../avr/lib/avr5\libm.a(cmpsf2.o)
                                                  build/AVR_MEGA/MEGA328P/obj/avr_mega_uart0.o
                                                  build/AVR_MEGA/MEGA328P/obj/MosTimer.o
__ltsf2                                           c:/program files/avr8-gnu-toolchain/bin/../lib/gcc/avr/7.3.0/../../../../avr/lib/avr5\libm.a(cmpsf2.o)
                                                  build/AVR_MEGA/MEGA328P/obj/avr_mega_uart0.o
                                                  build/AVR_MEGA/MEGA328P/obj/avr_mega_i2c_master.o
                                                  build/AVR_MEGA/MEGA328P/obj/stdlib.o
                                                  build/AVR_MEGA/MEGA328P/obj/ptimer.o
__mulsf3                                          c:/program files/avr8-gnu-toolchain/bin/../lib/gcc/avr/7.3.0/../../../../avr/lib/avr5\libm.a(mulsf3.o)
                                                  build/AVR_MEGA/MEGA328P/obj/avr_mega_uart0.o
                                                  build/AVR_MEGA/MEGA328P/obj/avr_mega_i2c_master.o
                                                  build/AVR_MEGA/MEGA328P/obj/stdlib.o
                                                  build/AVR_MEGA/MEGA328P/obj/rtc_ds3231.o
                                                  build/AVR_MEGA/MEGA328P/obj/ptimer.o
__mulsf3_pse                                      c:/program files/avr8-gnu-toolchain/bin/../lib/gcc/avr/7.3.0/../../../../avr/lib/avr5\libm.a(mulsf3x.o)
__mulsf3x                                         c:/program files/avr8-gnu-toolchain/bin/../lib/gcc/avr/7.3.0/../../../../avr/lib/avr5\libm.a(mulsf3x.o)
                                                  c:/program files/avr8-gnu-toolchain/bin/../lib/gcc/avr/7.3.0/../../../../avr/lib/avr5\libm.a(mulsf3.o)
__muluhisi3                                       c:/program files/avr8-gnu-toolchain/bin/../lib/gcc/avr/7.3.0/avr5\libgcc.a(_muluhisi3.o)
                                                  build/AVR_MEGA/MEGA328P/obj/ff.o
__negsi2                                          c:/program files/avr8-gnu-toolchain/bin/../lib/gcc/avr/7.3.0/avr5\libgcc.a(_negsi2.o)
                                                  c:/program files/avr8-gnu-toolchain/bin/../lib/gcc/avr/7.3.0/avr5\libgcc.a(_divmodsi4.o)
__nesf2                                           c:/program files/avr8-gnu-toolchain/bin/../lib/gcc/avr/7.3.0/../../../../avr/lib/avr5\libm.a(cmpsf2.o)
__stack                                           c:/program files/avr8-gnu-toolchain/bin/../lib/gcc/avr/7.3.0/../../../../avr/lib/avr5/crtatmega328p.o
__subsf3                                          c:/program files/avr8-gnu-toolchain/bin/../lib/gcc/avr/7.3.0/../../../../avr/lib/avr5\libm.a(addsf3.o)
                                                  build/AVR_MEGA/MEGA328P/obj/avr_mega_uart0.o
                                                  build/AVR_MEGA/MEGA328P/obj/avr_mega_i2c_master.o
                                                  build/AVR_MEGA/MEGA328P/obj/stdlib.o
                                                  build/AVR_MEGA/MEGA328P/obj/MosTimer.o
__udivmodhi4                                      c:/program files/avr8-gnu-toolchain/bin/../lib/gcc/avr/7.3.0/avr5\libgcc.a(_udivmodhi4.o)
                                                  c:/program files/avr8-gnu-toolchain/bin/../lib/gcc/avr/7.3.0/avr5\libgcc.a(_divmodhi4.o)
                                                  build/AVR_MEGA/MEGA328P/obj/clock.o
                                                  build/AVR_MEGA/MEGA328P/obj/ringbuf.o
                                                  build/AVR_MEGA/MEGA328P/obj/SevenSegmentMulti.o
                                                  build/AVR_MEGA/MEGA328P/obj/ptimer.o
__udivmodqi4                                      c:/program files/avr8-gnu-toolchain/bin/../lib/gcc/avr/7.3.0/avr5\libgcc.a(_udivmodqi4.o)
                                                  build/AVR_MEGA/MEGA328P/obj/rtc_ds3231.o
                                                  build/AVR_MEGA/MEGA328P/obj/rtc_ds1307.o
__udivmodsi4                                      c:/program files/avr8-gnu-toolchain/bin/../lib/gcc/avr/7.3.0/avr5\libgcc.a(_udivmodsi4.o)
                                                  c:/program files/avr8-gnu-toolchain/bin/../lib/gcc/avr/7.3.0/avr5\libgcc.a(_divmodsi4.o)
                                                  build/AVR_MEGA/MEGA328P/obj/ff.o
                                                  build/AVR_MEGA/MEGA328P/obj/ptimer.o
__umulhisi3                                       c:/program files/avr8-gnu-toolchain/bin/../lib/gcc/avr/7.3.0/avr5\libgcc.a(_umulhisi3.o)
                                                  c:/program files/avr8-gnu-toolchain/bin/../lib/gcc/avr/7.3.0/avr5\libgcc.a(_muluhisi3.o)
__vector_1                                        c:/program files/avr8-gnu-toolchain/bin/../lib/gcc/avr/7.3.0/../../../../avr/lib/avr5/crtatmega328p.o
__vector_10                                       c:/program files/avr8-gnu-toolchain/bin/../lib/gcc/avr/7.3.0/../../../../avr/lib/avr5/crtatmega328p.o
__vector_11                                       build/AVR_MEGA/MEGA328P/obj/clock.o
                                                  c:/program files/avr8-gnu-toolchain/bin/../lib/gcc/avr/7.3.0/../../../../avr/lib/avr5/crtatmega328p.o
__vector_12                                       build/AVR_MEGA/MEGA328P/obj/clock.o
                                                  c:/program files/avr8-gnu-toolchain/bin/../lib/gcc/avr/7.3.0/../../../../avr/lib/avr5/crtatmega328p.o
__vector_13                                       c:/program files/avr8-gnu-toolchain/bin/../lib/gcc/avr/7.3.0/../../../../avr/lib/avr5/crtatmega328p.o
__vector_14                                       c:/program files/avr8-gnu-toolchain/bin/../lib/gcc/avr/7.3.0/../../../../avr/lib/avr5/crtatmega328p.o
__vector_15                                       c:/program files/avr8-gnu-toolchain/bin/../lib/gcc/avr/7.3.0/../../../../avr/lib/avr5/crtatmega328p.o
__vector_16                                       c:/program files/avr8-gnu-toolchain/bin/../lib/gcc/avr/7.3.0/../../../../avr/lib/avr5/crtatmega328p.o
__vector_17                                       c:/program files/avr8-gnu-toolchain/bin/../lib/gcc/avr/7.3.0/../../../../avr/lib/avr5/crtatmega328p.o
__vector_18                                       build/AVR_MEGA/MEGA328P/obj/avr_mega_uart0.o
                                                  c:/program files/avr8-gnu-toolchain/bin/../lib/gcc/avr/7.3.0/../../../../avr/lib/avr5/crtatmega328p.o
__vector_19                                       c:/program files/avr8-gnu-toolchain/bin/../lib/gcc/avr/7.3.0/../../../../avr/lib/avr5/crtatmega328p.o
__vector_2                                        c:/program files/avr8-gnu-toolchain/bin/../lib/gcc/avr/7.3.0/../../../../avr/lib/avr5/crtatmega328p.o
__vector_20                                       c:/program files/avr8-gnu-toolchain/bin/../lib/gcc/avr/7.3.0/../../../../avr/lib/avr5/crtatmega328p.o
__vector_21                                       c:/program files/avr8-gnu-toolchain/bin/../lib/gcc/avr/7.3.0/../../../../avr/lib/avr5/crtatmega328p.o
__vector_22                                       c:/program files/avr8-gnu-toolchain/bin/../lib/gcc/avr/7.3.0/../../../../avr/lib/avr5/crtatmega328p.o
__vector_23                                       c:/program files/avr8-gnu-toolchain/bin/../lib/gcc/avr/7.3.0/../../../../avr/lib/avr5/crtatmega328p.o
__vector_24                                       c:/program files/avr8-gnu-toolchain/bin/../lib/gcc/avr/7.3.0/../../../../avr/lib/avr5/crtatmega328p.o
__vector_25                                       c:/program files/avr8-gnu-toolchain/bin/../lib/gcc/avr/7.3.0/../../../../avr/lib/avr5/crtatmega328p.o
__vector_3                                        c:/program files/avr8-gnu-toolchain/bin/../lib/gcc/avr/7.3.0/../../../../avr/lib/avr5/crtatmega328p.o
__vector_4                                        c:/program files/avr8-gnu-toolchain/bin/../lib/gcc/avr/7.3.0/../../../../avr/lib/avr5/crtatmega328p.o
__vector_5                                        c:/program files/avr8-gnu-toolchain/bin/../lib/gcc/avr/7.3.0/../../../../avr/lib/avr5/crtatmega328p.o
__vector_6                                        c:/program files/avr8-gnu-toolchain/bin/../lib/gcc/avr/7.3.0/../../../../avr/lib/avr5/crtatmega328p.o
__vector_7                                        c:/program files/avr8-gnu-toolchain/bin/../lib/gcc/avr/7.3.0/../../../../avr/lib/avr5/crtatmega328p.o
__vector_8                                        c:/program files/avr8-gnu-toolchain/bin/../lib/gcc/avr/7.3.0/../../../../avr/lib/avr5/crtatmega328p.o
__vector_9                                        c:/program files/avr8-gnu-toolchain/bin/../lib/gcc/avr/7.3.0/../../../../avr/lib/avr5/crtatmega328p.o
__vector_default                                  c:/program files/avr8-gnu-toolchain/bin/../lib/gcc/avr/7.3.0/../../../../avr/lib/avr5/crtatmega328p.o
__vectors                                         c:/program files/avr8-gnu-toolchain/bin/../lib/gcc/avr/7.3.0/../../../../avr/lib/avr5/crtatmega328p.o
_div                                              c:/program files/avr8-gnu-toolchain/bin/../lib/gcc/avr/7.3.0/avr5\libgcc.a(_divmodhi4.o)
_exit                                             c:/program files/avr8-gnu-toolchain/bin/../lib/gcc/avr/7.3.0/avr5\libgcc.a(_exit.o)
atof                                              build/AVR_MEGA/MEGA328P/obj/stdlib.o
atoi                                              build/AVR_MEGA/MEGA328P/obj/stdlib.o
autostart_tasks                                   build/AVR_MEGA/MEGA328P/obj/hello-world.o
                                                  build/AVR_MEGA/MEGA328P/obj/main.o
avr_mega_analog_input_driver                      build/AVR_MEGA/MEGA328P/obj/avr_mega_analog_input.o
avr_mega_digital_driver                           build/AVR_MEGA/MEGA328P/obj/avr_mega_digital.o
                                                  build/AVR_MEGA/MEGA328P/obj/avr_mega_spi_master.o
                                                  build/AVR_MEGA/MEGA328P/obj/SevenSegmentMulti.o
                                                  build/AVR_MEGA/MEGA328P/obj/SevenSegment.o
                                                  build/AVR_MEGA/MEGA328P/obj/LiquidCrystal.o
                                                  build/AVR_MEGA/MEGA328P/obj/hello-world.o
avr_mega_i2c_master_driver                        build/AVR_MEGA/MEGA328P/obj/avr_mega_i2c_master.o
avr_mega_spi_master_driver                        build/AVR_MEGA/MEGA328P/obj/avr_mega_spi_master.o
                                                  build/AVR_MEGA/MEGA328P/obj/diskio.o
avr_mega_uart0_driver                             build/AVR_MEGA/MEGA328P/obj/avr_mega_uart0.o
                                                  build/AVR_MEGA/MEGA328P/obj/hello-world.o
digit2symbol                                      build/AVR_MEGA/MEGA328P/obj/SevenSegment.o
                                                  build/AVR_MEGA/MEGA328P/obj/SevenSegmentMulti.o
disk_initialize                                   build/AVR_MEGA/MEGA328P/obj/diskio.o
                                                  build/AVR_MEGA/MEGA328P/obj/ff.o
disk_ioctl                                        build/AVR_MEGA/MEGA328P/obj/diskio.o
                                                  build/AVR_MEGA/MEGA328P/obj/ff.o
disk_read                                         build/AVR_MEGA/MEGA328P/obj/diskio.o
                                                  build/AVR_MEGA/MEGA328P/obj/ff.o
disk_status                                       build/AVR_MEGA/MEGA328P/obj/diskio.o
                                                  build/AVR_MEGA/MEGA328P/obj/ff.o
disk_write                                        build/AVR_MEGA/MEGA328P/obj/diskio.o
                                                  build/AVR_MEGA/MEGA328P/obj/ff.o
exit                                              c:/program files/avr8-gnu-toolchain/bin/../lib/gcc/avr/7.3.0/avr5\libgcc.a(_exit.o)
                                                  c:/program files/avr8-gnu-toolchain/bin/../lib/gcc/avr/7.3.0/../../../../avr/lib/avr5/crtatmega328p.o
f_close                                           build/AVR_MEGA/MEGA328P/obj/ff.o
f_closedir                                        build/AVR_MEGA/MEGA328P/obj/ff.o
f_getfree                                         build/AVR_MEGA/MEGA328P/obj/ff.o
f_lseek                                           build/AVR_MEGA/MEGA328P/obj/ff.o
f_mkdir                                           build/AVR_MEGA/MEGA328P/obj/ff.o
f_mount                                           build/AVR_MEGA/MEGA328P/obj/ff.o
f_open                                            build/AVR_MEGA/MEGA328P/obj/ff.o
f_opendir                                         build/AVR_MEGA/MEGA328P/obj/ff.o
f_read                                            build/AVR_MEGA/MEGA328P/obj/ff.o
f_readdir                                         build/AVR_MEGA/MEGA328P/obj/ff.o
f_rename                                          build/AVR_MEGA/MEGA328P/obj/ff.o
f_stat                                            build/AVR_MEGA/MEGA328P/obj/ff.o
f_sync                                            build/AVR_MEGA/MEGA328P/obj/ff.o
f_truncate                                        build/AVR_MEGA/MEGA328P/obj/ff.o
f_unlink                                          build/AVR_MEGA/MEGA328P/obj/ff.o
f_write                                           build/AVR_MEGA/MEGA328P/obj/ff.o
ftoa                                              build/AVR_MEGA/MEGA328P/obj/stdlib.o
get_clock_time                                    build/AVR_MEGA/MEGA328P/obj/clock.o
                                                  build/AVR_MEGA/MEGA328P/obj/MosTimer.o
                                                  build/AVR_MEGA/MEGA328P/obj/ptimer.o
global_interrupt_disable                          build/AVR_MEGA/MEGA328P/obj/boot.o
                                                  build/AVR_MEGA/MEGA328P/obj/avr_mega_spi_master.o
                                                  build/AVR_MEGA/MEGA328P/obj/ringbuf.o
global_interrupt_enable                           build/AVR_MEGA/MEGA328P/obj/boot.o
                                                  build/AVR_MEGA/MEGA328P/obj/avr_mega_spi_master.o
                                                  build/AVR_MEGA/MEGA328P/obj/ringbuf.o
hello                                             build/AVR_MEGA/MEGA328P/obj/hello-world.o
is_global_interrupt_disable                       build/AVR_MEGA/MEGA328P/obj/boot.o
is_global_interrupt_enable                        build/AVR_MEGA/MEGA328P/obj/boot.o
                                                  build/AVR_MEGA/MEGA328P/obj/ringbuf.o
itoa                                              build/AVR_MEGA/MEGA328P/obj/stdlib.o
lcd_begin                                         build/AVR_MEGA/MEGA328P/obj/LiquidCrystal.o
lcd_clear                                         build/AVR_MEGA/MEGA328P/obj/LiquidCrystal.o
lcd_constPrintArch                                build/AVR_MEGA/MEGA328P/obj/avr_mega_liquid_crystal.o
lcd_print                                         build/AVR_MEGA/MEGA328P/obj/LiquidCrystal.o
lcd_setCursor                                     build/AVR_MEGA/MEGA328P/obj/LiquidCrystal.o
lcd_write                                         build/AVR_MEGA/MEGA328P/obj/LiquidCrystal.o
                                                  build/AVR_MEGA/MEGA328P/obj/avr_mega_liquid_crystal.o
led                                               build/AVR_MEGA/MEGA328P/obj/hello-world.o
ltoa                                              build/AVR_MEGA/MEGA328P/obj/stdlib.o
main                                              build/AVR_MEGA/MEGA328P/obj/main.o
                                                  c:/program files/avr8-gnu-toolchain/bin/../lib/gcc/avr/7.3.0/../../../../avr/lib/avr5/crtatmega328p.o
memcmp                                            c:/program files/avr8-gnu-toolchain/bin/../lib/gcc/avr/7.3.0/../../../../avr/lib/avr5\libc.a(memcmp.o)
                                                  build/AVR_MEGA/MEGA328P/obj/ff.o
memcpy                                            c:/program files/avr8-gnu-toolchain/bin/../lib/gcc/avr/7.3.0/../../../../avr/lib/avr5\libc.a(memcpy.o)
                                                  build/AVR_MEGA/MEGA328P/obj/ff.o
memset                                            c:/program files/avr8-gnu-toolchain/bin/../lib/gcc/avr/7.3.0/../../../../avr/lib/avr5\libc.a(memset.o)
                                                  build/AVR_MEGA/MEGA328P/obj/ff.o
platform_init                                     build/AVR_MEGA/MEGA328P/obj/boot.o
                                                  build/AVR_MEGA/MEGA328P/obj/main.o
ptimer_expired                                    build/AVR_MEGA/MEGA328P/obj/ptimer.o
ptimer_init                                       build/AVR_MEGA/MEGA328P/obj/ptimer.o
                                                  build/AVR_MEGA/MEGA328P/obj/main.o
ptimer_request_poll                               build/AVR_MEGA/MEGA328P/obj/ptimer.o
                                                  build/AVR_MEGA/MEGA328P/obj/clock.o
ptimer_set_reset                                  build/AVR_MEGA/MEGA328P/obj/ptimer.o
                                                  build/AVR_MEGA/MEGA328P/obj/hello-world.o
ptimer_start                                      build/AVR_MEGA/MEGA328P/obj/ptimer.o
                                                  build/AVR_MEGA/MEGA328P/obj/hello-world.o
ptimer_task                                       build/AVR_MEGA/MEGA328P/obj/ptimer.o
                                                  build/AVR_MEGA/MEGA328P/obj/main.o
read                                              build/AVR_MEGA/MEGA328P/obj/avr_mega_analog_input.o
reply                                             build/AVR_MEGA/MEGA328P/obj/hello-world.o
reverse_symbol                                    build/AVR_MEGA/MEGA328P/obj/SevenSegment.o
                                                  build/AVR_MEGA/MEGA328P/obj/SevenSegmentMulti.o
ringbuf_count                                     build/AVR_MEGA/MEGA328P/obj/ringbuf.o
                                                  build/AVR_MEGA/MEGA328P/obj/avr_mega_uart0.o
ringbuf_flush                                     build/AVR_MEGA/MEGA328P/obj/ringbuf.o
                                                  build/AVR_MEGA/MEGA328P/obj/avr_mega_uart0.o
ringbuf_init                                      build/AVR_MEGA/MEGA328P/obj/ringbuf.o
                                                  build/AVR_MEGA/MEGA328P/obj/avr_mega_uart0.o
ringbuf_isfull                                    build/AVR_MEGA/MEGA328P/obj/ringbuf.o
ringbuf_read                                      build/AVR_MEGA/MEGA328P/obj/ringbuf.o
                                                  build/AVR_MEGA/MEGA328P/obj/avr_mega_uart0.o
ringbuf_write                                     build/AVR_MEGA/MEGA328P/obj/ringbuf.o
                                                  build/AVR_MEGA/MEGA328P/obj/avr_mega_uart0.o
rtc1307_begin                                     build/AVR_MEGA/MEGA328P/obj/rtc_ds1307.o
rtc1307_getDate                                   build/AVR_MEGA/MEGA328P/obj/rtc_ds1307.o
rtc1307_getTime                                   build/AVR_MEGA/MEGA328P/obj/rtc_ds1307.o
rtc1307_setDate                                   build/AVR_MEGA/MEGA328P/obj/rtc_ds1307.o
rtc1307_setTime                                   build/AVR_MEGA/MEGA328P/obj/rtc_ds1307.o
rtc3231_begin                                     build/AVR_MEGA/MEGA328P/obj/rtc_ds3231.o
rtc3231_getAlarm1                                 build/AVR_MEGA/MEGA328P/obj/rtc_ds3231.o
rtc3231_getAlarm2                                 build/AVR_MEGA/MEGA328P/obj/rtc_ds3231.o
rtc3231_getDate                                   build/AVR_MEGA/MEGA328P/obj/rtc_ds3231.o
rtc3231_getTemperature                            build/AVR_MEGA/MEGA328P/obj/rtc_ds3231.o
rtc3231_getTime                                   build/AVR_MEGA/MEGA328P/obj/rtc_ds3231.o
rtc3231_isActiveAlarm1                            build/AVR_MEGA/MEGA328P/obj/rtc_ds3231.o
rtc3231_isActiveAlarm2                            build/AVR_MEGA/MEGA328P/obj/rtc_ds3231.o
rtc3231_isExpiredAlarm1                           build/AVR_MEGA/MEGA328P/obj/rtc_ds3231.o
rtc3231_isExpiredAlarm2                           build/AVR_MEGA/MEGA328P/obj/rtc_ds3231.o
rtc3231_resetAlarm1                               build/AVR_MEGA/MEGA328P/obj/rtc_ds3231.o
rtc3231_resetAlarm2                               build/AVR_MEGA/MEGA328P/obj/rtc_ds3231.o
rtc3231_setAlarm1                                 build/AVR_MEGA/MEGA328P/obj/rtc_ds3231.o
rtc3231_setAlarm2                                 build/AVR_MEGA/MEGA328P/obj/rtc_ds3231.o
rtc3231_setDate                                   build/AVR_MEGA/MEGA328P/obj/rtc_ds3231.o
rtc3231_setTime                                   build/AVR_MEGA/MEGA328P/obj/rtc_ds3231.o
rtc3231_stopAlarm1                                build/AVR_MEGA/MEGA328P/obj/rtc_ds3231.o
rtc3231_stopAlarm2                                build/AVR_MEGA/MEGA328P/obj/rtc_ds3231.o
schedule_tickless_timer_platform                  build/AVR_MEGA/MEGA328P/obj/clock.o
                                                  build/AVR_MEGA/MEGA328P/obj/ptimer.o
sdcard_begin                                      build/AVR_MEGA/MEGA328P/obj/sdcard.o
                                                  build/AVR_MEGA/MEGA328P/obj/diskio.o
sdcard_ioctl                                      build/AVR_MEGA/MEGA328P/obj/sdcard.o
                                                  build/AVR_MEGA/MEGA328P/obj/diskio.o
sdcard_read                                       build/AVR_MEGA/MEGA328P/obj/sdcard.o
                                                  build/AVR_MEGA/MEGA328P/obj/diskio.o
sdcard_status                                     build/AVR_MEGA/MEGA328P/obj/sdcard.o
                                                  build/AVR_MEGA/MEGA328P/obj/diskio.o
sdcard_write                                      build/AVR_MEGA/MEGA328P/obj/sdcard.o
                                                  build/AVR_MEGA/MEGA328P/obj/diskio.o
setup                                             build/AVR_MEGA/MEGA328P/obj/hello-world.o
                                                  build/AVR_MEGA/MEGA328P/obj/main.o
sleep                                             build/AVR_MEGA/MEGA328P/obj/boot.o
                                                  build/AVR_MEGA/MEGA328P/obj/main.o
spi_pointer_temp                                  build/AVR_MEGA/MEGA328P/obj/sdcard.o
strchr                                            c:/program files/avr8-gnu-toolchain/bin/../lib/gcc/avr/7.3.0/../../../../avr/lib/avr5\libc.a(strchr.o)
                                                  build/AVR_MEGA/MEGA328P/obj/ff.o
task_autostart                                    build/AVR_MEGA/MEGA328P/obj/task.o
                                                  build/AVR_MEGA/MEGA328P/obj/main.o
task_current                                      build/AVR_MEGA/MEGA328P/obj/task.o
                                                  build/AVR_MEGA/MEGA328P/obj/ptimer.o
                                                  build/AVR_MEGA/MEGA328P/obj/hello-world.o
task_exit                                         build/AVR_MEGA/MEGA328P/obj/task.o
task_init                                         build/AVR_MEGA/MEGA328P/obj/task.o
                                                  build/AVR_MEGA/MEGA328P/obj/main.o
task_is_running                                   build/AVR_MEGA/MEGA328P/obj/task.o
task_list                                         build/AVR_MEGA/MEGA328P/obj/task.o
task_poll                                         build/AVR_MEGA/MEGA328P/obj/task.o
                                                  build/AVR_MEGA/MEGA328P/obj/ptimer.o
task_post                                         build/AVR_MEGA/MEGA328P/obj/task.o
                                                  build/AVR_MEGA/MEGA328P/obj/ptimer.o
                                                  build/AVR_MEGA/MEGA328P/obj/hello-world.o
task_run                                          build/AVR_MEGA/MEGA328P/obj/task.o
                                                  build/AVR_MEGA/MEGA328P/obj/main.o
task_start                                        build/AVR_MEGA/MEGA328P/obj/task.o
                                                  build/AVR_MEGA/MEGA328P/obj/main.o
watchdog_periodic                                 build/AVR_MEGA/MEGA328P/obj/boot.o
                                                  build/AVR_MEGA/MEGA328P/obj/main.o
