Archive member included to satisfy reference by file (symbol)

c:/avr8-gnu-toolchain/bin/../lib/gcc/avr/7.3.0/../../../../avr/lib/avr5\libm.a(addsf3.o)
                              build/AVR_MEGA/MEGA328P/obj/MosTimer.o (__subsf3)
c:/avr8-gnu-toolchain/bin/../lib/gcc/avr/7.3.0/../../../../avr/lib/avr5\libm.a(addsf3x.o)
                              c:/avr8-gnu-toolchain/bin/../lib/gcc/avr/7.3.0/../../../../avr/lib/avr5\libm.a(addsf3.o) (__addsf3x)
c:/avr8-gnu-toolchain/bin/../lib/gcc/avr/7.3.0/../../../../avr/lib/avr5\libm.a(cmpsf2.o)
                              build/AVR_MEGA/MEGA328P/obj/ptimer.o (__ltsf2)
c:/avr8-gnu-toolchain/bin/../lib/gcc/avr/7.3.0/../../../../avr/lib/avr5\libm.a(divsf3.o)
                              build/AVR_MEGA/MEGA328P/obj/MosTimer.o (__divsf3)
c:/avr8-gnu-toolchain/bin/../lib/gcc/avr/7.3.0/../../../../avr/lib/avr5\libm.a(divsf3x.o)
                              c:/avr8-gnu-toolchain/bin/../lib/gcc/avr/7.3.0/../../../../avr/lib/avr5\libm.a(divsf3.o) (__divsf3x)
c:/avr8-gnu-toolchain/bin/../lib/gcc/avr/7.3.0/../../../../avr/lib/avr5\libm.a(fixsfsi.o)
                              build/AVR_MEGA/MEGA328P/obj/stdlib.o (__fixsfsi)
c:/avr8-gnu-toolchain/bin/../lib/gcc/avr/7.3.0/../../../../avr/lib/avr5\libm.a(fixunssfsi.o)
                              build/AVR_MEGA/MEGA328P/obj/ptimer.o (__fixunssfsi)
c:/avr8-gnu-toolchain/bin/../lib/gcc/avr/7.3.0/../../../../avr/lib/avr5\libm.a(floatsisf.o)
                              build/AVR_MEGA/MEGA328P/obj/MosTimer.o (__floatunsisf)
c:/avr8-gnu-toolchain/bin/../lib/gcc/avr/7.3.0/../../../../avr/lib/avr5\libm.a(fp_cmp.o)
                              c:/avr8-gnu-toolchain/bin/../lib/gcc/avr/7.3.0/../../../../avr/lib/avr5\libm.a(cmpsf2.o) (__fp_cmp)
c:/avr8-gnu-toolchain/bin/../lib/gcc/avr/7.3.0/../../../../avr/lib/avr5\libm.a(fp_inf.o)
                              c:/avr8-gnu-toolchain/bin/../lib/gcc/avr/7.3.0/../../../../avr/lib/avr5\libm.a(addsf3x.o) (__fp_inf)
c:/avr8-gnu-toolchain/bin/../lib/gcc/avr/7.3.0/../../../../avr/lib/avr5\libm.a(fp_nan.o)
                              c:/avr8-gnu-toolchain/bin/../lib/gcc/avr/7.3.0/../../../../avr/lib/avr5\libm.a(addsf3x.o) (__fp_nan)
c:/avr8-gnu-toolchain/bin/../lib/gcc/avr/7.3.0/../../../../avr/lib/avr5\libm.a(fp_pscA.o)
                              c:/avr8-gnu-toolchain/bin/../lib/gcc/avr/7.3.0/../../../../avr/lib/avr5\libm.a(addsf3x.o) (__fp_pscA)
c:/avr8-gnu-toolchain/bin/../lib/gcc/avr/7.3.0/../../../../avr/lib/avr5\libm.a(fp_pscB.o)
                              c:/avr8-gnu-toolchain/bin/../lib/gcc/avr/7.3.0/../../../../avr/lib/avr5\libm.a(addsf3x.o) (__fp_pscB)
c:/avr8-gnu-toolchain/bin/../lib/gcc/avr/7.3.0/../../../../avr/lib/avr5\libm.a(fp_round.o)
                              c:/avr8-gnu-toolchain/bin/../lib/gcc/avr/7.3.0/../../../../avr/lib/avr5\libm.a(addsf3.o) (__fp_round)
c:/avr8-gnu-toolchain/bin/../lib/gcc/avr/7.3.0/../../../../avr/lib/avr5\libm.a(fp_split3.o)
                              c:/avr8-gnu-toolchain/bin/../lib/gcc/avr/7.3.0/../../../../avr/lib/avr5\libm.a(addsf3x.o) (__fp_split3)
c:/avr8-gnu-toolchain/bin/../lib/gcc/avr/7.3.0/../../../../avr/lib/avr5\libm.a(fp_zero.o)
                              c:/avr8-gnu-toolchain/bin/../lib/gcc/avr/7.3.0/../../../../avr/lib/avr5\libm.a(addsf3x.o) (__fp_zero)
c:/avr8-gnu-toolchain/bin/../lib/gcc/avr/7.3.0/../../../../avr/lib/avr5\libm.a(mulsf3.o)
                              build/AVR_MEGA/MEGA328P/obj/ptimer.o (__mulsf3)
c:/avr8-gnu-toolchain/bin/../lib/gcc/avr/7.3.0/../../../../avr/lib/avr5\libm.a(mulsf3x.o)
                              c:/avr8-gnu-toolchain/bin/../lib/gcc/avr/7.3.0/../../../../avr/lib/avr5\libm.a(mulsf3.o) (__mulsf3x)
c:/avr8-gnu-toolchain/bin/../lib/gcc/avr/7.3.0/avr5\libgcc.a(_udivmodqi4.o)
                              build/AVR_MEGA/MEGA328P/obj/rtc_ds1307.o (__udivmodqi4)
c:/avr8-gnu-toolchain/bin/../lib/gcc/avr/7.3.0/avr5\libgcc.a(_udivmodhi4.o)
                              build/AVR_MEGA/MEGA328P/obj/ptimer.o (__udivmodhi4)
c:/avr8-gnu-toolchain/bin/../lib/gcc/avr/7.3.0/avr5\libgcc.a(_divmodhi4.o)
                              build/AVR_MEGA/MEGA328P/obj/stdlib.o (__divmodhi4)
c:/avr8-gnu-toolchain/bin/../lib/gcc/avr/7.3.0/avr5\libgcc.a(_udivmodsi4.o)
                              build/AVR_MEGA/MEGA328P/obj/ptimer.o (__udivmodsi4)
c:/avr8-gnu-toolchain/bin/../lib/gcc/avr/7.3.0/avr5\libgcc.a(_divmodsi4.o)
                              build/AVR_MEGA/MEGA328P/obj/stdlib.o (__divmodsi4)
c:/avr8-gnu-toolchain/bin/../lib/gcc/avr/7.3.0/avr5\libgcc.a(_negsi2.o)
                              c:/avr8-gnu-toolchain/bin/../lib/gcc/avr/7.3.0/avr5\libgcc.a(_divmodsi4.o) (__negsi2)
c:/avr8-gnu-toolchain/bin/../lib/gcc/avr/7.3.0/avr5\libgcc.a(_exit.o)
                              c:/avr8-gnu-toolchain/bin/../lib/gcc/avr/7.3.0/../../../../avr/lib/avr5/crtatmega328p.o (exit)
c:/avr8-gnu-toolchain/bin/../lib/gcc/avr/7.3.0/avr5\libgcc.a(_copy_data.o)
[...]
Memory Configuration

Name             Origin             Length             Attributes
text             0x0000000000000000 0x0000000000008000 xr
data             0x0000000000800100 0x0000000000000800 rw !x
eeprom           0x0000000000810000 0x0000000000000400 rw !x
fuse             0x0000000000820000 0x0000000000000003 rw !x
lock             0x0000000000830000 0x0000000000000400 rw !x
signature        0x0000000000840000 0x0000000000000400 rw !x
user_signatures  0x0000000000850000 0x0000000000000400 rw !x
*default*        0x0000000000000000 0xffffffffffffffff

Linker script and memory map

Address of section .data set to 0x800100
LOAD c:/avr8-gnu-toolchain/bin/../lib/gcc/avr/7.3.0/../../../../avr/lib/avr5/crtatmega328p.o
LOAD build/AVR_MEGA/MEGA328P/obj/sd_fat32_test.o
LOAD build/AVR_MEGA/MEGA328P/obj/main.o
LOAD build/AVR_MEGA/MEGA328P/obj/ptimer.o
LOAD build/AVR_MEGA/MEGA328P/obj/task.o
LOAD build/AVR_MEGA/MEGA328P/obj/I2cSoft.o
LOAD build/AVR_MEGA/MEGA328P/obj/LiquidCrystal.o
LOAD build/AVR_MEGA/MEGA328P/obj/MosTimer.o
LOAD build/AVR_MEGA/MEGA328P/obj/SevenSegment.o
LOAD build/AVR_MEGA/MEGA328P/obj/SevenSegmentMulti.o
LOAD build/AVR_MEGA/MEGA328P/obj/debug.o
LOAD build/AVR_MEGA/MEGA328P/obj/diskio.o
LOAD build/AVR_MEGA/MEGA328P/obj/ff.o
LOAD build/AVR_MEGA/MEGA328P/obj/rtc_ds1307.o
LOAD build/AVR_MEGA/MEGA328P/obj/rtc_ds3231.o
LOAD build/AVR_MEGA/MEGA328P/obj/sdcard.o
LOAD build/AVR_MEGA/MEGA328P/obj/ringbuf.o
LOAD build/AVR_MEGA/MEGA328P/obj/stdlib.o
LOAD build/AVR_MEGA/MEGA328P/obj/avr_mega_timer_delay.o
LOAD build/AVR_MEGA/MEGA328P/obj/boot.o
LOAD build/AVR_MEGA/MEGA328P/obj/clock.o
LOAD build/AVR_MEGA/MEGA328P/obj/avr_mega_analog_input.o
LOAD build/AVR_MEGA/MEGA328P/obj/avr_mega_digital.o
LOAD build/AVR_MEGA/MEGA328P/obj/avr_mega_i2c0_master.o
LOAD build/AVR_MEGA/MEGA328P/obj/avr_mega_i2c1_master.o
LOAD build/AVR_MEGA/MEGA328P/obj/avr_mega_i2c_master.o
LOAD build/AVR_MEGA/MEGA328P/obj/avr_mega_i2c_slave.o
LOAD build/AVR_MEGA/MEGA328P/obj/avr_mega_spi0_master.o
LOAD build/AVR_MEGA/MEGA328P/obj/avr_mega_spi1_master.o
LOAD build/AVR_MEGA/MEGA328P/obj/avr_mega_spi_master.o
LOAD build/AVR_MEGA/MEGA328P/obj/avr_mega_spi_slave.o
LOAD build/AVR_MEGA/MEGA328P/obj/avr_mega_uart.o
LOAD build/AVR_MEGA/MEGA328P/obj/avr_mega_uart0.o
LOAD build/AVR_MEGA/MEGA328P/obj/avr_mega_uart1.o
LOAD build/AVR_MEGA/MEGA328P/obj/avr_mega_uart2.o
LOAD build/AVR_MEGA/MEGA328P/obj/avr_mega_uart3.o
LOAD build/AVR_MEGA/MEGA328P/obj/avr_mega_liquid_crystal.o
LOAD c:/avr8-gnu-toolchain/bin/../lib/gcc/avr/7.3.0/../../../../avr/lib/avr5\libm.a
START GROUP
LOAD c:/avr8-gnu-toolchain/bin/../lib/gcc/avr/7.3.0/avr5\libgcc.a
LOAD c:/avr8-gnu-toolchain/bin/../lib/gcc/avr/7.3.0/../../../../avr/lib/avr5\libm.a
LOAD c:/avr8-gnu-toolchain/bin/../lib/gcc/avr/7.3.0/../../../../avr/lib/avr5\libc.a
LOAD c:/avr8-gnu-toolchain/bin/../lib/gcc/avr/7.3.0/../../../../avr/lib/avr5\libatmega328p.a
END GROUP
                0x0000000000000000                __TEXT_REGION_ORIGIN__ = DEFINED (__TEXT_REGION_ORIGIN__)?__TEXT_REGION_ORIGIN__:0x0
                [0x0000000000800100]                __DATA_REGION_ORIGIN__ = DEFINED (__DATA_REGION_ORIGIN__)?__DATA_REGION_ORIGIN__:0x800060
                [0x0000000000008000]                __TEXT_REGION_LENGTH__ = DEFINED (__TEXT_REGION_LENGTH__)?__TEXT_REGION_LENGTH__:0x20000
                [0x0000000000000800]                __DATA_REGION_LENGTH__ = DEFINED (__DATA_REGION_LENGTH__)?__DATA_REGION_LENGTH__:0xffa0
                [0x0000000000000400]                __EEPROM_REGION_LENGTH__ = DEFINED (__EEPROM_REGION_LENGTH__)?__EEPROM_REGION_LENGTH__:0x10000
                [0x0000000000000003]                __FUSE_REGION_LENGTH__ = DEFINED (__FUSE_REGION_LENGTH__)?__FUSE_REGION_LENGTH__:0x400
                0x0000000000000400                __LOCK_REGION_LENGTH__ = DEFINED (__LOCK_REGION_LENGTH__)?__LOCK_REGION_LENGTH__:0x400
                0x0000000000000400                __SIGNATURE_REGION_LENGTH__ = DEFINED (__SIGNATURE_REGION_LENGTH__)?__SIGNATURE_REGION_LENGTH__:0x400
                0x0000000000000400                __USER_SIGNATURE_REGION_LENGTH__ = DEFINED (__USER_SIGNATURE_REGION_LENGTH__)?__USER_SIGNATURE_REGION_LENGTH__:0x400

.hash
 *(.hash)

.dynsym
 *(.dynsym)

.dynstr
 *(.dynstr)

.gnu.version
 *(.gnu.version)

.gnu.version_d
 *(.gnu.version_d)

.gnu.version_r
 *(.gnu.version_r)

.rel.init
 *(.rel.init)

.rela.init
 *(.rela.init)

.rel.text
 *(.rel.text)
 *(.rel.text.*)
 *(.rel.gnu.linkonce.t*)

.rela.text
 *(.rela.text)
 *(.rela.text.*)
 *(.rela.gnu.linkonce.t*)

.rel.fini
 *(.rel.fini)

.rela.fini
 *(.rela.fini)

.rel.rodata
 *(.rel.rodata)
 *(.rel.rodata.*)
 *(.rel.gnu.linkonce.r*)

.rela.rodata
 *(.rela.rodata)
 *(.rela.rodata.*)
 *(.rela.gnu.linkonce.r*)

.rel.data
 *(.rel.data)
 *(.rel.data.*)
 *(.rel.gnu.linkonce.d*)

.rela.data
 *(.rela.data)
 *(.rela.data.*)
 *(.rela.gnu.linkonce.d*)

.rel.ctors
 *(.rel.ctors)

.rela.ctors
 *(.rela.ctors)

.rel.dtors
 *(.rel.dtors)

.rela.dtors
 *(.rela.dtors)

.rel.got
 *(.rel.got)

.rela.got
 *(.rela.got)

.rel.bss
 *(.rel.bss)

.rela.bss
 *(.rela.bss)

.rel.plt
 *(.rel.plt)

.rela.plt
 *(.rela.plt)

.text           0x0000000000000000     0x4008
 *(.vectors)
 .vectors       0x0000000000000000       0x68 c:/avr8-gnu-toolchain/bin/../lib/gcc/avr/7.3.0/../../../../avr/lib/avr5/crtatmega328p.o
                0x0000000000000000                __vector_default
                0x0000000000000000                __vectors
 *(.vectors)
 *(.progmem.gcc*)
                0x0000000000000068                . = ALIGN (0x2)
                0x0000000000000068                __trampolines_start = .
 *(.trampolines)
 .trampolines   0x0000000000000068        0x0 linker stubs
 *(.trampolines*)
                0x0000000000000068                __trampolines_end = .
 *libprintf_flt.a:*(.progmem.data)
 *libc.a:*(.progmem.data)
 *(.progmem*)
                0x0000000000000068                . = ALIGN (0x2)
 *(.jumptables)
 *(.jumptables*)
 *(.lowtext)
 *(.lowtext*)
                0x0000000000000068                __ctors_start = .
 *(.ctors)
                0x0000000000000068                __ctors_end = .
                0x0000000000000068                __dtors_start = .
 *(.dtors)
                0x0000000000000068                __dtors_end = .
 SORT(*)(.ctors)
 SORT(*)(.dtors)
 *(.init0)
 .init0         0x0000000000000068        0x0 c:/avr8-gnu-toolchain/bin/../lib/gcc/avr/7.3.0/../../../../avr/lib/avr5/crtatmega328p.o
                0x0000000000000068                __init
 *(.init0)
 *(.init1)
 *(.init1)
 *(.init2)
 .init2         0x0000000000000068        0xc c:/avr8-gnu-toolchain/bin/../lib/gcc/avr/7.3.0/../../../../avr/lib/avr5/crtatmega328p.o
 *(.init2)
 *(.init3)
 *(.init3)
 *(.init4)
 .init4         0x0000000000000074       0x16 c:/avr8-gnu-toolchain/bin/../lib/gcc/avr/7.3.0/avr5\libgcc.a(_copy_data.o)
                0x0000000000000074                __do_copy_data
 .init4         0x000000000000008a       0x10 c:/avr8-gnu-toolchain/bin/../lib/gcc/avr/7.3.0/avr5\libgcc.a(_clear_bss.o)
                0x000000000000008a                __do_clear_bss
 *(.init4)
 *(.init5)
 *(.init5)
 *(.init6)
 *(.init6)
 *(.init7)
 *(.init7)
 *(.init8)
 *(.init8)
 *(.init9)
 .init9         0x000000000000009a        0x8 c:/avr8-gnu-toolchain/bin/../lib/gcc/avr/7.3.0/../../../../avr/lib/avr5/crtatmega328p.o
 *(.init9)
 *(.text)
 .text          0x00000000000000a2        0x4 c:/avr8-gnu-toolchain/bin/../lib/gcc/avr/7.3.0/../../../../avr/lib/avr5/crtatmega328p.o
                0x00000000000000a2                __vector_22
                0x00000000000000a2                __vector_1
                0x00000000000000a2                __vector_24
                0x00000000000000a2                __bad_interrupt
                0x00000000000000a2                __vector_6
                0x00000000000000a2                __vector_3
                0x00000000000000a2                __vector_23
                0x00000000000000a2                __vector_25
                0x00000000000000a2                __vector_13
                0x00000000000000a2                __vector_17
                0x00000000000000a2                __vector_19
                0x00000000000000a2                __vector_7
                0x00000000000000a2                __vector_5
                0x00000000000000a2                __vector_4
                0x00000000000000a2                __vector_9
                0x00000000000000a2                __vector_2
                0x00000000000000a2                __vector_21
                0x00000000000000a2                __vector_15
                0x00000000000000a2                __vector_8
                0x00000000000000a2                __vector_14
                0x00000000000000a2                __vector_10
                0x00000000000000a2                __vector_16
                0x00000000000000a2                __vector_20
                0x00000000000000a6                . = ALIGN (0x2)
 *(.text.*)
 .text.task_run_test1
                0x00000000000000a6      0x29e build/AVR_MEGA/MEGA328P/obj/sd_fat32_test.o
 .text.setup    0x0000000000000344       0x14 build/AVR_MEGA/MEGA328P/obj/sd_fat32_test.o
                0x0000000000000344                setup
 .text.startup.main
                0x0000000000000358       0x38 build/AVR_MEGA/MEGA328P/obj/main.o
                0x0000000000000358                main
 .text.ptimer_init
                0x0000000000000390        0xa build/AVR_MEGA/MEGA328P/obj/ptimer.o
                0x0000000000000390                ptimer_init
 .text.ptimer_request_poll
                0x000000000000039a        0x8 build/AVR_MEGA/MEGA328P/obj/ptimer.o
                0x000000000000039a                ptimer_request_poll
 .text.schedule_tickless_timer
                0x00000000000003a2       0x84 build/AVR_MEGA/MEGA328P/obj/ptimer.o
 .text.ptimer_start
                0x0000000000000426        0xc build/AVR_MEGA/MEGA328P/obj/ptimer.o
                0x0000000000000426                ptimer_start
 .text.ptimer_set_reset
                0x0000000000000432      0x1ae build/AVR_MEGA/MEGA328P/obj/ptimer.o
                0x0000000000000432                ptimer_set_reset
 .text.ptimer_expired
                0x00000000000005e0       0x74 build/AVR_MEGA/MEGA328P/obj/ptimer.o
                0x00000000000005e0                ptimer_expired
 .text.task_run_ptimer_task
                0x0000000000000654       0x8e build/AVR_MEGA/MEGA328P/obj/ptimer.o
 .text.task_init
                0x00000000000006e2       0x1a build/AVR_MEGA/MEGA328P/obj/task.o
                0x00000000000006e2                task_init
 .text.task_exit
                0x00000000000006fc       0x5a build/AVR_MEGA/MEGA328P/obj/task.o
                0x00000000000006fc                task_exit
 .text.call_task.part.0
                0x0000000000000756       0x4c build/AVR_MEGA/MEGA328P/obj/task.o
 .text.do_poll  0x00000000000007a2       0x3e build/AVR_MEGA/MEGA328P/obj/task.o
 .text.task_start
                0x00000000000007e0       0x5c build/AVR_MEGA/MEGA328P/obj/task.o
                0x00000000000007e0                task_start
 .text.task_run
                0x000000000000083c       0xb6 build/AVR_MEGA/MEGA328P/obj/task.o
                0x000000000000083c                task_run
 .text.task_post
                0x00000000000008f2       0x3a build/AVR_MEGA/MEGA328P/obj/task.o
                0x00000000000008f2                task_post
 .text.task_poll
                0x000000000000092c       0x18 build/AVR_MEGA/MEGA328P/obj/task.o
                0x000000000000092c                task_poll
 .text.task_autostart
                0x0000000000000944       0x1e build/AVR_MEGA/MEGA328P/obj/task.o
                0x0000000000000944                task_autostart
 .text.disk_status
                0x0000000000000962        0xc build/AVR_MEGA/MEGA328P/obj/diskio.o
                0x0000000000000962                disk_status
 .text.disk_initialize
                0x000000000000096e       0x12 build/AVR_MEGA/MEGA328P/obj/diskio.o
                0x000000000000096e                disk_initialize
 .text.disk_read
                0x0000000000000980       0x22 build/AVR_MEGA/MEGA328P/obj/diskio.o
                0x0000000000000980                disk_read
 .text.disk_write
                0x00000000000009a2       0x22 build/AVR_MEGA/MEGA328P/obj/diskio.o
                0x00000000000009a2                disk_write
 .text.disk_ioctl
                0x00000000000009c4       0x12 build/AVR_MEGA/MEGA328P/obj/diskio.o
                0x00000000000009c4                disk_ioctl
 .text.ld_dword
                0x00000000000009d6       0x24 build/AVR_MEGA/MEGA328P/obj/ff.o
 .text.clst2sect
                0x00000000000009fa       0x50 build/AVR_MEGA/MEGA328P/obj/ff.o
 .text.get_ldnumber
                0x0000000000000a4a       0x4c build/AVR_MEGA/MEGA328P/obj/ff.o
 .text.validate
                0x0000000000000a96       0x54 build/AVR_MEGA/MEGA328P/obj/ff.o
 .text.ld_clust.isra.0
                0x0000000000000aea       0x2a build/AVR_MEGA/MEGA328P/obj/ff.o
 .text.st_clust.isra.1
                0x0000000000000b14       0x1a build/AVR_MEGA/MEGA328P/obj/ff.o
 .text.sync_window
                0x0000000000000b2e       0xae build/AVR_MEGA/MEGA328P/obj/ff.o
 .text.move_window
                0x0000000000000bdc       0x7a build/AVR_MEGA/MEGA328P/obj/ff.o
 .text.check_fs.part.5
                0x0000000000000c56       0xdc build/AVR_MEGA/MEGA328P/obj/ff.o
 .text.put_fat  0x0000000000000d32      0x22c build/AVR_MEGA/MEGA328P/obj/ff.o
 .text.get_fat.isra.7
                0x0000000000000f5e      0x178 build/AVR_MEGA/MEGA328P/obj/ff.o
 .text.create_chain
                0x00000000000010d6      0x282 build/AVR_MEGA/MEGA328P/obj/ff.o
 .text.remove_chain
                0x0000000000001358      0x126 build/AVR_MEGA/MEGA328P/obj/ff.o
 .text.dir_clear
                0x000000000000147e       0xb2 build/AVR_MEGA/MEGA328P/obj/ff.o
 .text.dir_next
                0x0000000000001530      0x1ca build/AVR_MEGA/MEGA328P/obj/ff.o
 .text.dir_sdi.constprop.13
                0x00000000000016fa      0x128 build/AVR_MEGA/MEGA328P/obj/ff.o
 .text.dir_register
                0x0000000000001822       0x8c build/AVR_MEGA/MEGA328P/obj/ff.o
 .text.follow_path
                0x00000000000018ae      0x278 build/AVR_MEGA/MEGA328P/obj/ff.o
 .text.mount_volume
                0x0000000000001b26      0x560 build/AVR_MEGA/MEGA328P/obj/ff.o
 .text.sync_fs  0x0000000000002086       0xde build/AVR_MEGA/MEGA328P/obj/ff.o
 .text.f_mount  0x0000000000002164       0x82 build/AVR_MEGA/MEGA328P/obj/ff.o
                0x0000000000002164                f_mount
 .text.f_open   0x00000000000021e6      0x33a build/AVR_MEGA/MEGA328P/obj/ff.o
                0x00000000000021e6                f_open
 .text.f_write  0x0000000000002520      0x35e build/AVR_MEGA/MEGA328P/obj/ff.o
                0x0000000000002520                f_write
 .text.f_sync   0x000000000000287e       0xac build/AVR_MEGA/MEGA328P/obj/ff.o
                0x000000000000287e                f_sync
 .text.f_close  0x000000000000292a       0x3c build/AVR_MEGA/MEGA328P/obj/ff.o
                0x000000000000292a                f_close
 .text.deselect
                0x0000000000002966       0x22 build/AVR_MEGA/MEGA328P/obj/sdcard.o
 .text.wait_ready
                0x0000000000002988       0x40 build/AVR_MEGA/MEGA328P/obj/sdcard.o
 .text.select   0x00000000000029c8       0x42 build/AVR_MEGA/MEGA328P/obj/sdcard.o
 .text.send_cmd
                0x0000000000002a0a      0x10c build/AVR_MEGA/MEGA328P/obj/sdcard.o
 .text.xmit_datablock
                0x0000000000002b16       0x9a build/AVR_MEGA/MEGA328P/obj/sdcard.o
 .text.rcvr_datablock
                0x0000000000002bb0       0xa0 build/AVR_MEGA/MEGA328P/obj/sdcard.o
 .text.sdcard_status
                0x0000000000002c50        0x6 build/AVR_MEGA/MEGA328P/obj/sdcard.o
                0x0000000000002c50                sdcard_status
 .text.sdcard_begin
                0x0000000000002c56      0x1e8 build/AVR_MEGA/MEGA328P/obj/sdcard.o
                0x0000000000002c56                sdcard_begin
 .text.sdcard_read
                0x0000000000002e3e       0x82 build/AVR_MEGA/MEGA328P/obj/sdcard.o
                0x0000000000002e3e                sdcard_read
 .text.sdcard_write
                0x0000000000002ec0       0xc6 build/AVR_MEGA/MEGA328P/obj/sdcard.o
                0x0000000000002ec0                sdcard_write
 .text.sdcard_ioctl
                0x0000000000002f86      0x144 build/AVR_MEGA/MEGA328P/obj/sdcard.o
                0x0000000000002f86                sdcard_ioctl
 .text.ringbuf_write
                0x00000000000030ca       0x6a build/AVR_MEGA/MEGA328P/obj/ringbuf.o
                0x00000000000030ca                ringbuf_write
 .text.ringbuf_read
                0x0000000000003134       0x5e build/AVR_MEGA/MEGA328P/obj/ringbuf.o
                0x0000000000003134                ringbuf_read
 .text.ringbuf_count
                0x0000000000003192        0x8 build/AVR_MEGA/MEGA328P/obj/ringbuf.o
                0x0000000000003192                ringbuf_count
 .text.ringbuf_flush
                0x000000000000319a       0x38 build/AVR_MEGA/MEGA328P/obj/ringbuf.o
                0x000000000000319a                ringbuf_flush
 .text.ringbuf_init
                0x00000000000031d2        0xe build/AVR_MEGA/MEGA328P/obj/ringbuf.o
                0x00000000000031d2                ringbuf_init
 .text.global_interrupt_enable
                0x00000000000031e0        0x4 build/AVR_MEGA/MEGA328P/obj/boot.o
                0x00000000000031e0                global_interrupt_enable
 .text.global_interrupt_disable
                0x00000000000031e4        0x4 build/AVR_MEGA/MEGA328P/obj/boot.o
                0x00000000000031e4                global_interrupt_disable
 .text.is_global_interrupt_enable
                0x00000000000031e8        0xa build/AVR_MEGA/MEGA328P/obj/boot.o
                0x00000000000031e8                is_global_interrupt_enable
 .text.platform_init
                0x00000000000031f2       0x60 build/AVR_MEGA/MEGA328P/obj/boot.o
                0x00000000000031f2                platform_init
 .text.watchdog_periodic
                0x0000000000003252        0x4 build/AVR_MEGA/MEGA328P/obj/boot.o
                0x0000000000003252                watchdog_periodic
 .text.sleep    0x0000000000003256       0x10 build/AVR_MEGA/MEGA328P/obj/boot.o
                0x0000000000003256                sleep
 .text.__vector_11
                0x0000000000003266       0x96 build/AVR_MEGA/MEGA328P/obj/clock.o
                0x0000000000003266                __vector_11
 .text.__vector_12
                0x00000000000032fc       0x52 build/AVR_MEGA/MEGA328P/obj/clock.o
                0x00000000000032fc                __vector_12
 .text.get_clock_time
                0x000000000000334e       0x9a build/AVR_MEGA/MEGA328P/obj/clock.o
                0x000000000000334e                get_clock_time
 .text.schedule_tickless_timer_platform
                0x00000000000033e8       0x52 build/AVR_MEGA/MEGA328P/obj/clock.o
                0x00000000000033e8                schedule_tickless_timer_platform
 .text.pinmode  0x000000000000343a       0xbe build/AVR_MEGA/MEGA328P/obj/avr_mega_digital.o
 .text.write    0x00000000000034f8       0xa0 build/AVR_MEGA/MEGA328P/obj/avr_mega_digital.o
 .text.read     0x0000000000003598       0x44 build/AVR_MEGA/MEGA328P/obj/avr_mega_digital.o
 .text.begin    0x00000000000035dc       0x5e build/AVR_MEGA/MEGA328P/obj/avr_mega_spi_master.o
 .text.end      0x000000000000363a       0x36 build/AVR_MEGA/MEGA328P/obj/avr_mega_spi_master.o
 .text.config   0x0000000000003670       0x5e build/AVR_MEGA/MEGA328P/obj/avr_mega_spi_master.o
 .text.slaveSelect
                0x00000000000036ce       0x10 build/AVR_MEGA/MEGA328P/obj/avr_mega_spi_master.o
 .text.slaveUnselect
                0x00000000000036de       0x10 build/AVR_MEGA/MEGA328P/obj/avr_mega_spi_master.o
 .text.transfer
                0x00000000000036ee       0x1e build/AVR_MEGA/MEGA328P/obj/avr_mega_spi_master.o
 .text.receive  0x000000000000370c       0x30 build/AVR_MEGA/MEGA328P/obj/avr_mega_spi_master.o
 .text.transmit
                0x000000000000373c       0x28 build/AVR_MEGA/MEGA328P/obj/avr_mega_spi_master.o
 .text.transferMulti
                0x0000000000003764       0x38 build/AVR_MEGA/MEGA328P/obj/avr_mega_spi_master.o
 .text.end      0x000000000000379c        0xa build/AVR_MEGA/MEGA328P/obj/avr_mega_uart0.o
 .text.write    0x00000000000037a6        0xe build/AVR_MEGA/MEGA328P/obj/avr_mega_uart0.o
 .text.print    0x00000000000037b4       0x18 build/AVR_MEGA/MEGA328P/obj/avr_mega_uart0.o
 .text.println  0x00000000000037cc       0x10 build/AVR_MEGA/MEGA328P/obj/avr_mega_uart0.o
 .text.constPrintArch
                0x00000000000037dc       0x20 build/AVR_MEGA/MEGA328P/obj/avr_mega_uart0.o
 .text.constPrintlnArch
                0x00000000000037fc       0x10 build/AVR_MEGA/MEGA328P/obj/avr_mega_uart0.o
 .text.printBytes
                0x000000000000380c       0x28 build/AVR_MEGA/MEGA328P/obj/avr_mega_uart0.o
 .text.txComplete
                0x0000000000003834        0xc build/AVR_MEGA/MEGA328P/obj/avr_mega_uart0.o
 .text.flush    0x0000000000003840        0x8 build/AVR_MEGA/MEGA328P/obj/avr_mega_uart0.o
 .text.read     0x0000000000003848        0x8 build/AVR_MEGA/MEGA328P/obj/avr_mega_uart0.o
 .text.available
                0x0000000000003850        0x8 build/AVR_MEGA/MEGA328P/obj/avr_mega_uart0.o
 .text.begin    0x0000000000003858      0x200 build/AVR_MEGA/MEGA328P/obj/avr_mega_uart0.o
 .text.__vector_18
                0x0000000000003a58       0x58 build/AVR_MEGA/MEGA328P/obj/avr_mega_uart0.o
                0x0000000000003a58                __vector_18
 .text.avr-libc.fplib
                0x0000000000003ab0        0xe c:/avr8-gnu-toolchain/bin/../lib/gcc/avr/7.3.0/../../../../avr/lib/avr5\libm.a(addsf3.o)
                0x0000000000003ab0                __subsf3
                0x0000000000003ab2                __addsf3
 .text.avr-libc.fplib
                0x0000000000003abe       0xcc c:/avr8-gnu-toolchain/bin/../lib/gcc/avr/7.3.0/../../../../avr/lib/avr5\libm.a(addsf3x.o)
                0x0000000000003ae0                __addsf3x
 .text.avr-libc.fplib
                0x0000000000003b8a        0xa c:/avr8-gnu-toolchain/bin/../lib/gcc/avr/7.3.0/../../../../avr/lib/avr5\libm.a(cmpsf2.o)
                0x0000000000003b8a                __nesf2
                0x0000000000003b8a                __eqsf2
                0x0000000000003b8a                __cmpsf2
                0x0000000000003b8a                __ltsf2
                0x0000000000003b8a                __lesf2
 .text.avr-libc.fplib
                0x0000000000003b94        0x8 c:/avr8-gnu-toolchain/bin/../lib/gcc/avr/7.3.0/../../../../avr/lib/avr5\libm.a(divsf3.o)
                0x0000000000003b94                __divsf3
 .text.avr-libc.fplib
                0x0000000000003b9c       0xdc c:/avr8-gnu-toolchain/bin/../lib/gcc/avr/7.3.0/../../../../avr/lib/avr5\libm.a(divsf3x.o)
                0x0000000000003bbc                __divsf3x
                0x0000000000003bc2                __divsf3_pse
 .text.avr-libc.fplib
                0x0000000000003c78       0x5e c:/avr8-gnu-toolchain/bin/../lib/gcc/avr/7.3.0/../../../../avr/lib/avr5\libm.a(fixunssfsi.o)
                0x0000000000003c78                __fixunssfsi
 .text.avr-libc.fplib
                0x0000000000003cd6       0x7a c:/avr8-gnu-toolchain/bin/../lib/gcc/avr/7.3.0/../../../../avr/lib/avr5\libm.a(floatsisf.o)
                0x0000000000003cd6                __floatunsisf
                0x0000000000003cda                __floatsisf
 .text.avr-libc.fplib
                0x0000000000003d50       0x48 c:/avr8-gnu-toolchain/bin/../lib/gcc/avr/7.3.0/../../../../avr/lib/avr5\libm.a(fp_cmp.o)
                0x0000000000003d50                __fp_cmp
 .text.avr-libc.fplib
                0x0000000000003d98        0xc c:/avr8-gnu-toolchain/bin/../lib/gcc/avr/7.3.0/../../../../avr/lib/avr5\libm.a(fp_inf.o)
                0x0000000000003d98                __fp_inf
 .text.avr-libc.fplib
                0x0000000000003da4        0x6 c:/avr8-gnu-toolchain/bin/../lib/gcc/avr/7.3.0/../../../../avr/lib/avr5\libm.a(fp_nan.o)
                0x0000000000003da4                __fp_nan
 .text.avr-libc.fplib
                0x0000000000003daa        0xe c:/avr8-gnu-toolchain/bin/../lib/gcc/avr/7.3.0/../../../../avr/lib/avr5\libm.a(fp_pscA.o)
                0x0000000000003daa                __fp_pscA
 .text.avr-libc.fplib
                0x0000000000003db8        0xe c:/avr8-gnu-toolchain/bin/../lib/gcc/avr/7.3.0/../../../../avr/lib/avr5\libm.a(fp_pscB.o)
                0x0000000000003db8                __fp_pscB
 .text.avr-libc.fplib
                0x0000000000003dc6       0x22 c:/avr8-gnu-toolchain/bin/../lib/gcc/avr/7.3.0/../../../../avr/lib/avr5\libm.a(fp_round.o)
                0x0000000000003dc6                __fp_round
 .text.avr-libc.fplib
                0x0000000000003de8       0x44 c:/avr8-gnu-toolchain/bin/../lib/gcc/avr/7.3.0/../../../../avr/lib/avr5\libm.a(fp_split3.o)
                0x0000000000003de8                __fp_split3
                0x0000000000003df8                __fp_splitA
 .text.avr-libc.fplib
                0x0000000000003e2c        0xe c:/avr8-gnu-toolchain/bin/../lib/gcc/avr/7.3.0/../../../../avr/lib/avr5\libm.a(fp_zero.o)
                0x0000000000003e2c                __fp_zero
                0x0000000000003e2e                __fp_szero
 .text.avr-libc.fplib
                0x0000000000003e3a        0x8 c:/avr8-gnu-toolchain/bin/../lib/gcc/avr/7.3.0/../../../../avr/lib/avr5\libm.a(mulsf3.o)
                0x0000000000003e3a                __mulsf3
 .text.avr-libc.fplib
                0x0000000000003e42       0xd2 c:/avr8-gnu-toolchain/bin/../lib/gcc/avr/7.3.0/../../../../avr/lib/avr5\libm.a(mulsf3x.o)
                0x0000000000003e60                __mulsf3x
                0x0000000000003e66                __mulsf3_pse
 .text.libgcc.div
                0x0000000000003f14       0x28 c:/avr8-gnu-toolchain/bin/../lib/gcc/avr/7.3.0/avr5\libgcc.a(_udivmodhi4.o)
                0x0000000000003f14                __udivmodhi4
 .text.libgcc.div
                0x0000000000003f3c       0x44 c:/avr8-gnu-toolchain/bin/../lib/gcc/avr/7.3.0/avr5\libgcc.a(_udivmodsi4.o)
                0x0000000000003f3c                __udivmodsi4
 .text.libgcc.mul
                0x0000000000003f80       0x16 c:/avr8-gnu-toolchain/bin/../lib/gcc/avr/7.3.0/avr5\libgcc.a(_muluhisi3.o)
                0x0000000000003f80                __muluhisi3
 .text.libgcc.mul
                0x0000000000003f96       0x1e c:/avr8-gnu-toolchain/bin/../lib/gcc/avr/7.3.0/avr5\libgcc.a(_umulhisi3.o)
                0x0000000000003f96                __umulhisi3
 .text.avr-libc
                0x0000000000003fb4       0x1a c:/avr8-gnu-toolchain/bin/../lib/gcc/avr/7.3.0/../../../../avr/lib/avr5\libc.a(memcmp.o)
                0x0000000000003fb4                memcmp
 .text.avr-libc
                0x0000000000003fce       0x12 c:/avr8-gnu-toolchain/bin/../lib/gcc/avr/7.3.0/../../../../avr/lib/avr5\libc.a(memcpy.o)
                0x0000000000003fce                memcpy
 .text.avr-libc
                0x0000000000003fe0        0xe c:/avr8-gnu-toolchain/bin/../lib/gcc/avr/7.3.0/../../../../avr/lib/avr5\libc.a(memset.o)
                0x0000000000003fe0                memset
 .text.avr-libc
                0x0000000000003fee       0x16 c:/avr8-gnu-toolchain/bin/../lib/gcc/avr/7.3.0/../../../../avr/lib/avr5\libc.a(strchr.o)
                0x0000000000003fee                strchr
                0x0000000000004004                . = ALIGN (0x2)
 *(.fini9)
 .fini9         0x0000000000004004        0x0 c:/avr8-gnu-toolchain/bin/../lib/gcc/avr/7.3.0/avr5\libgcc.a(_exit.o)
                0x0000000000004004                _exit
                0x0000000000004004                exit
 *(.fini9)
 *(.fini8)
 *(.fini8)
 *(.fini7)
 *(.fini7)
 *(.fini6)
 *(.fini6)
 *(.fini5)
 *(.fini5)
 *(.fini4)
 *(.fini4)
 *(.fini3)
 *(.fini3)
 *(.fini2)
 *(.fini2)
 *(.fini1)
 *(.fini1)
 *(.fini0)
 .fini0         0x0000000000004004        0x4 c:/avr8-gnu-toolchain/bin/../lib/gcc/avr/7.3.0/avr5\libgcc.a(_exit.o)
 *(.fini0)
                0x0000000000004008                _etext = .

.data           0x0000000000800100      0x110 load address 0x0000000000004008
                0x0000000000800100                PROVIDE (__data_start, .)
 *(.data)
 *(.data*)
 .data.autostart_tasks
                0x0000000000800100        0x4 build/AVR_MEGA/MEGA328P/obj/sd_fat32_test.o
                0x0000000000800100                autostart_tasks
 .data.test1    0x0000000000800104       0x15 build/AVR_MEGA/MEGA328P/obj/sd_fat32_test.o
                0x0000000000800104                test1
 .data.ptimer_task
                0x0000000000800119       0x15 build/AVR_MEGA/MEGA328P/obj/ptimer.o
                0x0000000000800119                ptimer_task
 .data.Stat     0x000000000080012e        0x1 build/AVR_MEGA/MEGA328P/obj/sdcard.o
 .data.ss_pin_master_temp
                0x000000000080012f        0x1 build/AVR_MEGA/MEGA328P/obj/avr_mega_spi_master.o
 *(.gnu.linkonce.d*)
 *(.rodata)
 *(.rodata*)
 .rodata.task_run_test1.str1.1
                0x0000000000800130       0x94 build/AVR_MEGA/MEGA328P/obj/sd_fat32_test.o
                                         0x95 (size before relaxing)
 .rodata.check_fs.part.5.str1.1
                0x00000000008001c4        0x9 build/AVR_MEGA/MEGA328P/obj/ff.o
 .rodata.follow_path.str1.1
                0x00000000008001cd        0xf build/AVR_MEGA/MEGA328P/obj/ff.o
 .rodata.avr_mega_digital_driver
                0x00000000008001dc        0x6 build/AVR_MEGA/MEGA328P/obj/avr_mega_digital.o
                0x00000000008001dc                avr_mega_digital_driver
 .rodata.avr_mega_spi_master_driver
                0x00000000008001e2       0x12 build/AVR_MEGA/MEGA328P/obj/avr_mega_spi_master.o
                0x00000000008001e2                avr_mega_spi_master_driver
 .rodata.CSWTCH.13
                0x00000000008001f4        0x3 build/AVR_MEGA/MEGA328P/obj/avr_mega_uart0.o
 .rodata.avr_mega_uart0_driver
                0x00000000008001f7       0x18 build/AVR_MEGA/MEGA328P/obj/avr_mega_uart0.o
                0x00000000008001f7                avr_mega_uart0_driver
 *(.gnu.linkonce.r*)
                0x0000000000800210                . = ALIGN (0x2)
 *fill*         0x000000000080020f        0x1 
                0x0000000000800210                _edata = .
                0x0000000000800210                PROVIDE (__data_end, .)

.bss            0x0000000000800210      0x352
                0x0000000000800210                PROVIDE (__bss_start, .)
 *(.bss)
 *(.bss*)
 .bss.ptimer_list
                0x0000000000800210        0x2 build/AVR_MEGA/MEGA328P/obj/ptimer.o
 .bss.poll_requested
                0x0000000000800212        0x1 build/AVR_MEGA/MEGA328P/obj/task.o
 .bss.events    0x0000000000800213       0xa0 build/AVR_MEGA/MEGA328P/obj/task.o
 .bss.fevent    0x00000000008002b3        0x1 build/AVR_MEGA/MEGA328P/obj/task.o
 .bss.nevents   0x00000000008002b4        0x1 build/AVR_MEGA/MEGA328P/obj/task.o
 .bss.task_current
                0x00000000008002b5        0x2 build/AVR_MEGA/MEGA328P/obj/task.o
                0x00000000008002b5                task_current
 .bss.task_list
                0x00000000008002b7        0x2 build/AVR_MEGA/MEGA328P/obj/task.o
                0x00000000008002b7                task_list
 .bss.Fsid      0x00000000008002b9        0x2 build/AVR_MEGA/MEGA328P/obj/ff.o
 .bss.FatFs     0x00000000008002bb        0x2 build/AVR_MEGA/MEGA328P/obj/ff.o
 .bss.CardType  0x00000000008002bd        0x1 build/AVR_MEGA/MEGA328P/obj/sdcard.o
 .bss.milliseconds
                0x00000000008002be        0x2 build/AVR_MEGA/MEGA328P/obj/clock.o
 .bss.seconds   0x00000000008002c0        0x4 build/AVR_MEGA/MEGA328P/obj/clock.o
 .bss.buffer_struct_rx
                0x00000000008002c4        0xb build/AVR_MEGA/MEGA328P/obj/avr_mega_uart0.o
 .bss.bufferRx  0x00000000008002cf       0x40 build/AVR_MEGA/MEGA328P/obj/avr_mega_uart0.o
 *(COMMON)
 COMMON         0x000000000080030f      0x251 build/AVR_MEGA/MEGA328P/obj/sd_fat32_test.o
                0x000000000080030f                FatFs
                0x000000000080053e                Fil
 COMMON         0x0000000000800560        0x2 build/AVR_MEGA/MEGA328P/obj/sdcard.o
                0x0000000000800560                spi_pointer_temp
                0x0000000000800562                PROVIDE (__bss_end, .)
                0x0000000000004008                __data_load_start = LOADADDR (.data)
                0x0000000000004118                __data_load_end = (__data_load_start + SIZEOF (.data))

.noinit         0x0000000000800562        0x0
                [!provide]                        PROVIDE (__noinit_start, .)
 *(.noinit*)
                [!provide]                        PROVIDE (__noinit_end, .)
                0x0000000000800562                _end = .
                [!provide]                        PROVIDE (__heap_start, .)

.eeprom         0x0000000000810000        0x0
 *(.eeprom*)
                0x0000000000810000                __eeprom_end = .

.fuse
 *(.fuse)
 *(.lfuse)
 *(.hfuse)
 *(.efuse)

.lock
 *(.lock*)

.signature
 *(.signature*)

.user_signatures
 *(.user_signatures*)

.stab
 *(.stab)

.stabstr
 *(.stabstr)

.stab.excl
 *(.stab.excl)

.stab.exclstr
 *(.stab.exclstr)

.stab.index
 *(.stab.index)

.stab.indexstr
 *(.stab.indexstr)

.comment        0x0000000000000000       0x30
 *(.comment)
 .comment       0x0000000000000000       0x30 build/AVR_MEGA/MEGA328P/obj/sd_fat32_test.o
                                         0x31 (size before relaxing)
 .comment       0x0000000000000030       0x31 build/AVR_MEGA/MEGA328P/obj/main.o
 .comment       0x0000000000000030       0x31 build/AVR_MEGA/MEGA328P/obj/ptimer.o
 .comment       0x0000000000000030       0x31 build/AVR_MEGA/MEGA328P/obj/task.o
 .comment       0x0000000000000030       0x31 build/AVR_MEGA/MEGA328P/obj/diskio.o
 .comment       0x0000000000000030       0x31 build/AVR_MEGA/MEGA328P/obj/ff.o
 .comment       0x0000000000000030       0x31 build/AVR_MEGA/MEGA328P/obj/sdcard.o
 .comment       0x0000000000000030       0x31 build/AVR_MEGA/MEGA328P/obj/ringbuf.o
 .comment       0x0000000000000030       0x31 build/AVR_MEGA/MEGA328P/obj/boot.o
 .comment       0x0000000000000030       0x31 build/AVR_MEGA/MEGA328P/obj/clock.o
 .comment       0x0000000000000030       0x31 build/AVR_MEGA/MEGA328P/obj/avr_mega_digital.o
 .comment       0x0000000000000030       0x31 build/AVR_MEGA/MEGA328P/obj/avr_mega_spi_master.o
 .comment       0x0000000000000030       0x31 build/AVR_MEGA/MEGA328P/obj/avr_mega_uart0.o

.note.gnu.avr.deviceinfo
                0x0000000000000000       0x40
 .note.gnu.avr.deviceinfo
                0x0000000000000000       0x40 c:/avr8-gnu-toolchain/bin/../lib/gcc/avr/7.3.0/../../../../avr/lib/avr5/crtatmega328p.o

.note.gnu.build-id
 *(.note.gnu.build-id)

.debug
 *(.debug)

.line
 *(.line)

.debug_srcinfo
 *(.debug_srcinfo)

.debug_sfnames
 *(.debug_sfnames)

.debug_aranges  0x0000000000000000      0x4d8
 *(.debug_aranges)
 .debug_aranges
                0x0000000000000000       0x28 build/AVR_MEGA/MEGA328P/obj/sd_fat32_test.o
 .debug_aranges
                0x0000000000000028       0x20 build/AVR_MEGA/MEGA328P/obj/main.o
 .debug_aranges
                0x0000000000000048       0x50 build/AVR_MEGA/MEGA328P/obj/ptimer.o
 .debug_aranges
                0x0000000000000098       0x68 build/AVR_MEGA/MEGA328P/obj/task.o
 .debug_aranges
                0x0000000000000100       0x40 build/AVR_MEGA/MEGA328P/obj/diskio.o
 .debug_aranges
                0x0000000000000140      0x148 build/AVR_MEGA/MEGA328P/obj/ff.o
 .debug_aranges
                0x0000000000000288       0x70 build/AVR_MEGA/MEGA328P/obj/sdcard.o
 .debug_aranges
                0x00000000000002f8       0x48 build/AVR_MEGA/MEGA328P/obj/ringbuf.o
 .debug_aranges
                0x0000000000000340       0x50 build/AVR_MEGA/MEGA328P/obj/boot.o
 .debug_aranges
                0x0000000000000390       0x38 build/AVR_MEGA/MEGA328P/obj/clock.o
 .debug_aranges
                0x00000000000003c8       0x30 build/AVR_MEGA/MEGA328P/obj/avr_mega_digital.o
 .debug_aranges
                0x00000000000003f8       0x60 build/AVR_MEGA/MEGA328P/obj/avr_mega_spi_master.o
 .debug_aranges
                0x0000000000000458       0x80 build/AVR_MEGA/MEGA328P/obj/avr_mega_uart0.o

.debug_pubnames
 *(.debug_pubnames)

.debug_info     0x0000000000000000     0x7db2
 *(.debug_info .gnu.linkonce.wi.*)
 .debug_info    0x0000000000000000      0x5f4 c:/avr8-gnu-toolchain/bin/../lib/gcc/avr/7.3.0/../../../../avr/lib/avr5/crtatmega328p.o
 .debug_info    0x00000000000005f4      0xaa6 build/AVR_MEGA/MEGA328P/obj/sd_fat32_test.o
 .debug_info    0x000000000000109a      0x2dd build/AVR_MEGA/MEGA328P/obj/main.o
 .debug_info    0x0000000000001377      0x5ab build/AVR_MEGA/MEGA328P/obj/ptimer.o
 .debug_info    0x0000000000001922      0x6f3 build/AVR_MEGA/MEGA328P/obj/task.o
 .debug_info    0x0000000000002015      0x474 build/AVR_MEGA/MEGA328P/obj/diskio.o
 .debug_info    0x0000000000002489     0x34e1 build/AVR_MEGA/MEGA328P/obj/ff.o
 .debug_info    0x000000000000596a      0xd3c build/AVR_MEGA/MEGA328P/obj/sdcard.o
 .debug_info    0x00000000000066a6      0x301 build/AVR_MEGA/MEGA328P/obj/ringbuf.o
 .debug_info    0x00000000000069a7      0x1d8 build/AVR_MEGA/MEGA328P/obj/boot.o
 .debug_info    0x0000000000006b7f      0x341 build/AVR_MEGA/MEGA328P/obj/clock.o
 .debug_info    0x0000000000006ec0      0x2ba build/AVR_MEGA/MEGA328P/obj/avr_mega_digital.o
 .debug_info    0x000000000000717a      0x542 build/AVR_MEGA/MEGA328P/obj/avr_mega_spi_master.o
 .debug_info    0x00000000000076bc      0x6f6 build/AVR_MEGA/MEGA328P/obj/avr_mega_uart0.o

.debug_abbrev   0x0000000000000000     0x1fbe
 *(.debug_abbrev)
 .debug_abbrev  0x0000000000000000      0x5a2 c:/avr8-gnu-toolchain/bin/../lib/gcc/avr/7.3.0/../../../../avr/lib/avr5/crtatmega328p.o
 .debug_abbrev  0x00000000000005a2      0x244 build/AVR_MEGA/MEGA328P/obj/sd_fat32_test.o
 .debug_abbrev  0x00000000000007e6      0x10e build/AVR_MEGA/MEGA328P/obj/main.o
 .debug_abbrev  0x00000000000008f4      0x2a1 build/AVR_MEGA/MEGA328P/obj/ptimer.o
 .debug_abbrev  0x0000000000000b95      0x341 build/AVR_MEGA/MEGA328P/obj/task.o
 .debug_abbrev  0x0000000000000ed6      0x15a build/AVR_MEGA/MEGA328P/obj/diskio.o
 .debug_abbrev  0x0000000000001030      0x35b build/AVR_MEGA/MEGA328P/obj/ff.o
 .debug_abbrev  0x000000000000138b      0x2ff build/AVR_MEGA/MEGA328P/obj/sdcard.o
 .debug_abbrev  0x000000000000168a      0x13e build/AVR_MEGA/MEGA328P/obj/ringbuf.o
 .debug_abbrev  0x00000000000017c8      0x139 build/AVR_MEGA/MEGA328P/obj/boot.o
 .debug_abbrev  0x0000000000001901      0x13f build/AVR_MEGA/MEGA328P/obj/clock.o
 .debug_abbrev  0x0000000000001a40      0x17f build/AVR_MEGA/MEGA328P/obj/avr_mega_digital.o
 .debug_abbrev  0x0000000000001bbf      0x1bd build/AVR_MEGA/MEGA328P/obj/avr_mega_spi_master.o
 .debug_abbrev  0x0000000000001d7c      0x242 build/AVR_MEGA/MEGA328P/obj/avr_mega_uart0.o

.debug_line     0x0000000000000000     0x3edc
 *(.debug_line .debug_line.* .debug_line_end)
 .debug_line    0x0000000000000000       0x1a c:/avr8-gnu-toolchain/bin/../lib/gcc/avr/7.3.0/../../../../avr/lib/avr5/crtatmega328p.o
 .debug_line    0x000000000000001a      0x278 build/AVR_MEGA/MEGA328P/obj/sd_fat32_test.o
 .debug_line    0x0000000000000292       0xd1 build/AVR_MEGA/MEGA328P/obj/main.o
 .debug_line    0x0000000000000363      0x296 build/AVR_MEGA/MEGA328P/obj/ptimer.o
 .debug_line    0x00000000000005f9      0x39c build/AVR_MEGA/MEGA328P/obj/task.o
 .debug_line    0x0000000000000995      0x1df build/AVR_MEGA/MEGA328P/obj/diskio.o
 .debug_line    0x0000000000000b74     0x1c08 build/AVR_MEGA/MEGA328P/obj/ff.o
 .debug_line    0x000000000000277c      0x619 build/AVR_MEGA/MEGA328P/obj/sdcard.o
 .debug_line    0x0000000000002d95      0x220 build/AVR_MEGA/MEGA328P/obj/ringbuf.o
 .debug_line    0x0000000000002fb5      0x21b build/AVR_MEGA/MEGA328P/obj/boot.o
 .debug_line    0x00000000000031d0      0x2a1 build/AVR_MEGA/MEGA328P/obj/clock.o
 .debug_line    0x0000000000003471      0x2ed build/AVR_MEGA/MEGA328P/obj/avr_mega_digital.o
 .debug_line    0x000000000000375e      0x3cc build/AVR_MEGA/MEGA328P/obj/avr_mega_spi_master.o
 .debug_line    0x0000000000003b2a      0x3b2 build/AVR_MEGA/MEGA328P/obj/avr_mega_uart0.o

.debug_frame    0x0000000000000000     0x13bc
 *(.debug_frame)
 .debug_frame   0x0000000000000000       0x54 build/AVR_MEGA/MEGA328P/obj/sd_fat32_test.o
 .debug_frame   0x0000000000000054       0x24 build/AVR_MEGA/MEGA328P/obj/main.o
 .debug_frame   0x0000000000000078      0x100 build/AVR_MEGA/MEGA328P/obj/ptimer.o
 .debug_frame   0x0000000000000178      0x108 build/AVR_MEGA/MEGA328P/obj/task.o
 .debug_frame   0x0000000000000280       0x7c build/AVR_MEGA/MEGA328P/obj/diskio.o
 .debug_frame   0x00000000000002fc      0x98c build/AVR_MEGA/MEGA328P/obj/ff.o
 .debug_frame   0x0000000000000c88      0x1dc build/AVR_MEGA/MEGA328P/obj/sdcard.o
 .debug_frame   0x0000000000000e64       0xa8 build/AVR_MEGA/MEGA328P/obj/ringbuf.o
 .debug_frame   0x0000000000000f0c       0x84 build/AVR_MEGA/MEGA328P/obj/boot.o
 .debug_frame   0x0000000000000f90      0x120 build/AVR_MEGA/MEGA328P/obj/clock.o
 .debug_frame   0x00000000000010b0       0x44 build/AVR_MEGA/MEGA328P/obj/avr_mega_digital.o
 .debug_frame   0x00000000000010f4      0x124 build/AVR_MEGA/MEGA328P/obj/avr_mega_spi_master.o
 .debug_frame   0x0000000000001218      0x1a4 build/AVR_MEGA/MEGA328P/obj/avr_mega_uart0.o

.debug_str      0x0000000000000000     0x119e
 *(.debug_str)
 .debug_str     0x0000000000000000      0x208 c:/avr8-gnu-toolchain/bin/../lib/gcc/avr/7.3.0/../../../../avr/lib/avr5/crtatmega328p.o
 .debug_str     0x0000000000000208      0x538 build/AVR_MEGA/MEGA328P/obj/sd_fat32_test.o
                                        0x5e9 (size before relaxing)
 .debug_str     0x0000000000000740       0x6c build/AVR_MEGA/MEGA328P/obj/main.o
                                        0x31b (size before relaxing)
 .debug_str     0x00000000000007ac      0x126 build/AVR_MEGA/MEGA328P/obj/ptimer.o
                                        0x42d (size before relaxing)
 .debug_str     0x00000000000008d2       0x92 build/AVR_MEGA/MEGA328P/obj/task.o
                                        0x374 (size before relaxing)
 .debug_str     0x0000000000000964      0x13f build/AVR_MEGA/MEGA328P/obj/diskio.o
                                        0x316 (size before relaxing)
 .debug_str     0x0000000000000aa3      0x2c1 build/AVR_MEGA/MEGA328P/obj/ff.o
                                        0x703 (size before relaxing)
 .debug_str     0x0000000000000d64       0xff build/AVR_MEGA/MEGA328P/obj/sdcard.o
                                        0x3e8 (size before relaxing)
 .debug_str     0x0000000000000e63       0xf8 build/AVR_MEGA/MEGA328P/obj/ringbuf.o
                                        0x2d1 (size before relaxing)
 .debug_str     0x0000000000000f5b       0x69 build/AVR_MEGA/MEGA328P/obj/boot.o
                                        0x27b (size before relaxing)
 .debug_str     0x0000000000000fc4       0x7d build/AVR_MEGA/MEGA328P/obj/clock.o
                                        0x39f (size before relaxing)
 .debug_str     0x0000000000001041       0x4e build/AVR_MEGA/MEGA328P/obj/avr_mega_digital.o
                                        0x214 (size before relaxing)
 .debug_str     0x000000000000108f       0x8d build/AVR_MEGA/MEGA328P/obj/avr_mega_spi_master.o
                                        0x31e (size before relaxing)
 .debug_str     0x000000000000111c       0x82 build/AVR_MEGA/MEGA328P/obj/avr_mega_uart0.o
                                        0x36b (size before relaxing)

.debug_loc      0x0000000000000000     0x8a0b
 *(.debug_loc)
 .debug_loc     0x0000000000000000      0x23d build/AVR_MEGA/MEGA328P/obj/sd_fat32_test.o
 .debug_loc     0x000000000000023d       0x1e build/AVR_MEGA/MEGA328P/obj/main.o
 .debug_loc     0x000000000000025b      0x55b build/AVR_MEGA/MEGA328P/obj/ptimer.o
 .debug_loc     0x00000000000007b6      0x61f build/AVR_MEGA/MEGA328P/obj/task.o
 .debug_loc     0x0000000000000dd5      0x37d build/AVR_MEGA/MEGA328P/obj/diskio.o
 .debug_loc     0x0000000000001152     0x5363 build/AVR_MEGA/MEGA328P/obj/ff.o
 .debug_loc     0x00000000000064b5      0xdca build/AVR_MEGA/MEGA328P/obj/sdcard.o
 .debug_loc     0x000000000000727f      0x2fd build/AVR_MEGA/MEGA328P/obj/ringbuf.o
 .debug_loc     0x000000000000757c       0x14 build/AVR_MEGA/MEGA328P/obj/boot.o
 .debug_loc     0x0000000000007590      0x490 build/AVR_MEGA/MEGA328P/obj/clock.o
 .debug_loc     0x0000000000007a20      0x55b build/AVR_MEGA/MEGA328P/obj/avr_mega_digital.o
 .debug_loc     0x0000000000007f7b      0x491 build/AVR_MEGA/MEGA328P/obj/avr_mega_spi_master.o
 .debug_loc     0x000000000000840c      0x5ff build/AVR_MEGA/MEGA328P/obj/avr_mega_uart0.o

.debug_macinfo
 *(.debug_macinfo)

.debug_weaknames
 *(.debug_weaknames)

.debug_funcnames
 *(.debug_funcnames)

.debug_typenames
 *(.debug_typenames)

.debug_varnames
 *(.debug_varnames)

.debug_pubtypes
 *(.debug_pubtypes)

.debug_ranges   0x0000000000000000      0x648
 *(.debug_ranges)
 .debug_ranges  0x0000000000000000       0x30 build/AVR_MEGA/MEGA328P/obj/sd_fat32_test.o
 .debug_ranges  0x0000000000000030       0x10 build/AVR_MEGA/MEGA328P/obj/main.o
 .debug_ranges  0x0000000000000040       0x88 build/AVR_MEGA/MEGA328P/obj/ptimer.o
 .debug_ranges  0x00000000000000c8       0x58 build/AVR_MEGA/MEGA328P/obj/task.o
 .debug_ranges  0x0000000000000120       0x30 build/AVR_MEGA/MEGA328P/obj/diskio.o
 .debug_ranges  0x0000000000000150      0x218 build/AVR_MEGA/MEGA328P/obj/ff.o
 .debug_ranges  0x0000000000000368       0x60 build/AVR_MEGA/MEGA328P/obj/sdcard.o
 .debug_ranges  0x00000000000003c8       0x38 build/AVR_MEGA/MEGA328P/obj/ringbuf.o
 .debug_ranges  0x0000000000000400       0x40 build/AVR_MEGA/MEGA328P/obj/boot.o
 .debug_ranges  0x0000000000000440       0x40 build/AVR_MEGA/MEGA328P/obj/clock.o
 .debug_ranges  0x0000000000000480      0x108 build/AVR_MEGA/MEGA328P/obj/avr_mega_digital.o
 .debug_ranges  0x0000000000000588       0x50 build/AVR_MEGA/MEGA328P/obj/avr_mega_spi_master.o
 .debug_ranges  0x00000000000005d8       0x70 build/AVR_MEGA/MEGA328P/obj/avr_mega_uart0.o

.debug_macro
 *(.debug_macro)
OUTPUT(build/AVR_MEGA/MEGA328P/exe/sd_fat32_test.elf elf32-avr)
LOAD linker stubs

Cross Reference Table

Symbol                                            File
FatFs                                             build/AVR_MEGA/MEGA328P/obj/sd_fat32_test.o
Fil                                               build/AVR_MEGA/MEGA328P/obj/sd_fat32_test.o
MosTimer_expired                                  build/AVR_MEGA/MEGA328P/obj/MosTimer.o
MosTimer_reset                                    build/AVR_MEGA/MEGA328P/obj/MosTimer.o
MosTimer_set                                      build/AVR_MEGA/MEGA328P/obj/MosTimer.o
SevenSegmentMulti_begin                           build/AVR_MEGA/MEGA328P/obj/SevenSegmentMulti.o
SevenSegmentMulti_callback                        build/AVR_MEGA/MEGA328P/obj/SevenSegmentMulti.o
SevenSegmentMulti_config                          build/AVR_MEGA/MEGA328P/obj/SevenSegmentMulti.o
SevenSegmentMulti_customPrint                     build/AVR_MEGA/MEGA328P/obj/SevenSegmentMulti.o
SevenSegmentMulti_print                           build/AVR_MEGA/MEGA328P/obj/SevenSegmentMulti.o
SevenSegmentMulti_printDot                        build/AVR_MEGA/MEGA328P/obj/SevenSegmentMulti.o
SevenSegmentMulti_printDotReverse                 build/AVR_MEGA/MEGA328P/obj/SevenSegmentMulti.o
SevenSegmentMulti_printReverse                    build/AVR_MEGA/MEGA328P/obj/SevenSegmentMulti.o
SevenSegment_begin                                build/AVR_MEGA/MEGA328P/obj/SevenSegment.o
SevenSegment_customPrint                          build/AVR_MEGA/MEGA328P/obj/SevenSegment.o
SevenSegment_print                                build/AVR_MEGA/MEGA328P/obj/SevenSegment.o
SevenSegment_printDot                             build/AVR_MEGA/MEGA328P/obj/SevenSegment.o
SevenSegment_printDotReverse                      build/AVR_MEGA/MEGA328P/obj/SevenSegment.o
SevenSegment_printReverse                         build/AVR_MEGA/MEGA328P/obj/SevenSegment.o
SevenSegment_symbolPrint                          build/AVR_MEGA/MEGA328P/obj/SevenSegment.o
                                                  build/AVR_MEGA/MEGA328P/obj/SevenSegmentMulti.o
__DATA_REGION_LENGTH__                            c:/avr8-gnu-toolchain/bin/../lib/gcc/avr/7.3.0/../../../../avr/lib/avr5/crtatmega328p.o
__DATA_REGION_ORIGIN__                            c:/avr8-gnu-toolchain/bin/../lib/gcc/avr/7.3.0/../../../../avr/lib/avr5/crtatmega328p.o
__EEPROM_REGION_LENGTH__                          c:/avr8-gnu-toolchain/bin/../lib/gcc/avr/7.3.0/../../../../avr/lib/avr5/crtatmega328p.o
__FUSE_REGION_LENGTH__                            c:/avr8-gnu-toolchain/bin/../lib/gcc/avr/7.3.0/../../../../avr/lib/avr5/crtatmega328p.o
__TEXT_REGION_LENGTH__                            c:/avr8-gnu-toolchain/bin/../lib/gcc/avr/7.3.0/../../../../avr/lib/avr5/crtatmega328p.o
__addsf3                                          c:/avr8-gnu-toolchain/bin/../lib/gcc/avr/7.3.0/../../../../avr/lib/avr5\libm.a(addsf3.o)
                                                  build/AVR_MEGA/MEGA328P/obj/stdlib.o
                                                  build/AVR_MEGA/MEGA328P/obj/MosTimer.o
__addsf3x                                         c:/avr8-gnu-toolchain/bin/../lib/gcc/avr/7.3.0/../../../../avr/lib/avr5\libm.a(addsf3x.o)
                                                  c:/avr8-gnu-toolchain/bin/../lib/gcc/avr/7.3.0/../../../../avr/lib/avr5\libm.a(addsf3.o)
__bad_interrupt                                   c:/avr8-gnu-toolchain/bin/../lib/gcc/avr/7.3.0/../../../../avr/lib/avr5/crtatmega328p.o
__bss_end                                         c:/avr8-gnu-toolchain/bin/../lib/gcc/avr/7.3.0/avr5\libgcc.a(_clear_bss.o)
__bss_start                                       c:/avr8-gnu-toolchain/bin/../lib/gcc/avr/7.3.0/avr5\libgcc.a(_clear_bss.o)
__cmpsf2                                          c:/avr8-gnu-toolchain/bin/../lib/gcc/avr/7.3.0/../../../../avr/lib/avr5\libm.a(cmpsf2.o)
__data_end                                        c:/avr8-gnu-toolchain/bin/../lib/gcc/avr/7.3.0/avr5\libgcc.a(_copy_data.o)
__data_load_start                                 c:/avr8-gnu-toolchain/bin/../lib/gcc/avr/7.3.0/avr5\libgcc.a(_copy_data.o)
__data_start                                      c:/avr8-gnu-toolchain/bin/../lib/gcc/avr/7.3.0/avr5\libgcc.a(_copy_data.o)
__divmodhi4                                       c:/avr8-gnu-toolchain/bin/../lib/gcc/avr/7.3.0/avr5\libgcc.a(_divmodhi4.o)
                                                  build/AVR_MEGA/MEGA328P/obj/stdlib.o
__divmodsi4                                       c:/avr8-gnu-toolchain/bin/../lib/gcc/avr/7.3.0/avr5\libgcc.a(_divmodsi4.o)
                                                  build/AVR_MEGA/MEGA328P/obj/stdlib.o
__divsf3                                          c:/avr8-gnu-toolchain/bin/../lib/gcc/avr/7.3.0/../../../../avr/lib/avr5\libm.a(divsf3.o)
                                                  build/AVR_MEGA/MEGA328P/obj/avr_mega_uart0.o
                                                  build/AVR_MEGA/MEGA328P/obj/avr_mega_i2c_master.o
                                                  build/AVR_MEGA/MEGA328P/obj/MosTimer.o
__divsf3_pse                                      c:/avr8-gnu-toolchain/bin/../lib/gcc/avr/7.3.0/../../../../avr/lib/avr5\libm.a(divsf3x.o)
__divsf3x                                         c:/avr8-gnu-toolchain/bin/../lib/gcc/avr/7.3.0/../../../../avr/lib/avr5\libm.a(divsf3x.o)
                                                  c:/avr8-gnu-toolchain/bin/../lib/gcc/avr/7.3.0/../../../../avr/lib/avr5\libm.a(divsf3.o)
__do_clear_bss                                    c:/avr8-gnu-toolchain/bin/../lib/gcc/avr/7.3.0/avr5\libgcc.a(_clear_bss.o)
                                                  build/AVR_MEGA/MEGA328P/obj/avr_mega_uart0.o
                                                  build/AVR_MEGA/MEGA328P/obj/clock.o
                                                  build/AVR_MEGA/MEGA328P/obj/sdcard.o
                                                  build/AVR_MEGA/MEGA328P/obj/rtc_ds3231.o
                                                  build/AVR_MEGA/MEGA328P/obj/rtc_ds1307.o
                                                  build/AVR_MEGA/MEGA328P/obj/ff.o
                                                  build/AVR_MEGA/MEGA328P/obj/task.o
                                                  build/AVR_MEGA/MEGA328P/obj/ptimer.o
                                                  build/AVR_MEGA/MEGA328P/obj/sd_fat32_test.o
__do_copy_data                                    c:/avr8-gnu-toolchain/bin/../lib/gcc/avr/7.3.0/avr5\libgcc.a(_copy_data.o)
                                                  build/AVR_MEGA/MEGA328P/obj/avr_mega_uart0.o
                                                  build/AVR_MEGA/MEGA328P/obj/avr_mega_spi_master.o
                                                  build/AVR_MEGA/MEGA328P/obj/avr_mega_i2c_master.o
                                                  build/AVR_MEGA/MEGA328P/obj/avr_mega_digital.o
                                                  build/AVR_MEGA/MEGA328P/obj/avr_mega_analog_input.o
                                                  build/AVR_MEGA/MEGA328P/obj/stdlib.o
                                                  build/AVR_MEGA/MEGA328P/obj/sdcard.o
                                                  build/AVR_MEGA/MEGA328P/obj/rtc_ds3231.o
                                                  build/AVR_MEGA/MEGA328P/obj/ff.o
                                                  build/AVR_MEGA/MEGA328P/obj/SevenSegment.o
                                                  build/AVR_MEGA/MEGA328P/obj/ptimer.o
                                                  build/AVR_MEGA/MEGA328P/obj/sd_fat32_test.o
__eqsf2                                           c:/avr8-gnu-toolchain/bin/../lib/gcc/avr/7.3.0/../../../../avr/lib/avr5\libm.a(cmpsf2.o)
__fixsfsi                                         c:/avr8-gnu-toolchain/bin/../lib/gcc/avr/7.3.0/../../../../avr/lib/avr5\libm.a(fixsfsi.o)
                                                  build/AVR_MEGA/MEGA328P/obj/stdlib.o
__fixunssfsi                                      c:/avr8-gnu-toolchain/bin/../lib/gcc/avr/7.3.0/../../../../avr/lib/avr5\libm.a(fixunssfsi.o)
                                                  c:/avr8-gnu-toolchain/bin/../lib/gcc/avr/7.3.0/../../../../avr/lib/avr5\libm.a(fixsfsi.o)
                                                  build/AVR_MEGA/MEGA328P/obj/avr_mega_uart0.o
                                                  build/AVR_MEGA/MEGA328P/obj/avr_mega_i2c_master.o
                                                  build/AVR_MEGA/MEGA328P/obj/stdlib.o
                                                  build/AVR_MEGA/MEGA328P/obj/ptimer.o
__floatsisf                                       c:/avr8-gnu-toolchain/bin/../lib/gcc/avr/7.3.0/../../../../avr/lib/avr5\libm.a(floatsisf.o)
                                                  build/AVR_MEGA/MEGA328P/obj/stdlib.o
                                                  build/AVR_MEGA/MEGA328P/obj/rtc_ds3231.o
__floatunsisf                                     c:/avr8-gnu-toolchain/bin/../lib/gcc/avr/7.3.0/../../../../avr/lib/avr5\libm.a(floatsisf.o)
                                                  build/AVR_MEGA/MEGA328P/obj/avr_mega_uart0.o
                                                  build/AVR_MEGA/MEGA328P/obj/avr_mega_i2c_master.o
                                                  build/AVR_MEGA/MEGA328P/obj/MosTimer.o
__fp_cmp                                          c:/avr8-gnu-toolchain/bin/../lib/gcc/avr/7.3.0/../../../../avr/lib/avr5\libm.a(fp_cmp.o)
                                                  c:/avr8-gnu-toolchain/bin/../lib/gcc/avr/7.3.0/../../../../avr/lib/avr5\libm.a(cmpsf2.o)
__fp_inf                                          c:/avr8-gnu-toolchain/bin/../lib/gcc/avr/7.3.0/../../../../avr/lib/avr5\libm.a(fp_inf.o)
                                                  c:/avr8-gnu-toolchain/bin/../lib/gcc/avr/7.3.0/../../../../avr/lib/avr5\libm.a(mulsf3x.o)
                                                  c:/avr8-gnu-toolchain/bin/../lib/gcc/avr/7.3.0/../../../../avr/lib/avr5\libm.a(divsf3x.o)
                                                  c:/avr8-gnu-toolchain/bin/../lib/gcc/avr/7.3.0/../../../../avr/lib/avr5\libm.a(addsf3x.o)
__fp_nan                                          c:/avr8-gnu-toolchain/bin/../lib/gcc/avr/7.3.0/../../../../avr/lib/avr5\libm.a(fp_nan.o)
                                                  c:/avr8-gnu-toolchain/bin/../lib/gcc/avr/7.3.0/../../../../avr/lib/avr5\libm.a(mulsf3x.o)
                                                  c:/avr8-gnu-toolchain/bin/../lib/gcc/avr/7.3.0/../../../../avr/lib/avr5\libm.a(divsf3x.o)
                                                  c:/avr8-gnu-toolchain/bin/../lib/gcc/avr/7.3.0/../../../../avr/lib/avr5\libm.a(addsf3x.o)
__fp_pscA                                         c:/avr8-gnu-toolchain/bin/../lib/gcc/avr/7.3.0/../../../../avr/lib/avr5\libm.a(fp_pscA.o)
                                                  c:/avr8-gnu-toolchain/bin/../lib/gcc/avr/7.3.0/../../../../avr/lib/avr5\libm.a(mulsf3x.o)
                                                  c:/avr8-gnu-toolchain/bin/../lib/gcc/avr/7.3.0/../../../../avr/lib/avr5\libm.a(divsf3x.o)
                                                  c:/avr8-gnu-toolchain/bin/../lib/gcc/avr/7.3.0/../../../../avr/lib/avr5\libm.a(addsf3x.o)
__fp_pscB                                         c:/avr8-gnu-toolchain/bin/../lib/gcc/avr/7.3.0/../../../../avr/lib/avr5\libm.a(fp_pscB.o)
                                                  c:/avr8-gnu-toolchain/bin/../lib/gcc/avr/7.3.0/../../../../avr/lib/avr5\libm.a(mulsf3x.o)
                                                  c:/avr8-gnu-toolchain/bin/../lib/gcc/avr/7.3.0/../../../../avr/lib/avr5\libm.a(divsf3x.o)
                                                  c:/avr8-gnu-toolchain/bin/../lib/gcc/avr/7.3.0/../../../../avr/lib/avr5\libm.a(addsf3x.o)
__fp_round                                        c:/avr8-gnu-toolchain/bin/../lib/gcc/avr/7.3.0/../../../../avr/lib/avr5\libm.a(fp_round.o)
                                                  c:/avr8-gnu-toolchain/bin/../lib/gcc/avr/7.3.0/../../../../avr/lib/avr5\libm.a(mulsf3.o)
                                                  c:/avr8-gnu-toolchain/bin/../lib/gcc/avr/7.3.0/../../../../avr/lib/avr5\libm.a(divsf3.o)
                                                  c:/avr8-gnu-toolchain/bin/../lib/gcc/avr/7.3.0/../../../../avr/lib/avr5\libm.a(addsf3.o)
__fp_split3                                       c:/avr8-gnu-toolchain/bin/../lib/gcc/avr/7.3.0/../../../../avr/lib/avr5\libm.a(fp_split3.o)
                                                  c:/avr8-gnu-toolchain/bin/../lib/gcc/avr/7.3.0/../../../../avr/lib/avr5\libm.a(mulsf3x.o)
                                                  c:/avr8-gnu-toolchain/bin/../lib/gcc/avr/7.3.0/../../../../avr/lib/avr5\libm.a(divsf3x.o)
                                                  c:/avr8-gnu-toolchain/bin/../lib/gcc/avr/7.3.0/../../../../avr/lib/avr5\libm.a(addsf3x.o)
__fp_splitA                                       c:/avr8-gnu-toolchain/bin/../lib/gcc/avr/7.3.0/../../../../avr/lib/avr5\libm.a(fp_split3.o)
                                                  c:/avr8-gnu-toolchain/bin/../lib/gcc/avr/7.3.0/../../../../avr/lib/avr5\libm.a(fixunssfsi.o)
__fp_szero                                        c:/avr8-gnu-toolchain/bin/../lib/gcc/avr/7.3.0/../../../../avr/lib/avr5\libm.a(fp_zero.o)
                                                  c:/avr8-gnu-toolchain/bin/../lib/gcc/avr/7.3.0/../../../../avr/lib/avr5\libm.a(mulsf3x.o)
                                                  c:/avr8-gnu-toolchain/bin/../lib/gcc/avr/7.3.0/../../../../avr/lib/avr5\libm.a(fixsfsi.o)
                                                  c:/avr8-gnu-toolchain/bin/../lib/gcc/avr/7.3.0/../../../../avr/lib/avr5\libm.a(divsf3x.o)
__fp_zero                                         c:/avr8-gnu-toolchain/bin/../lib/gcc/avr/7.3.0/../../../../avr/lib/avr5\libm.a(fp_zero.o)
                                                  c:/avr8-gnu-toolchain/bin/../lib/gcc/avr/7.3.0/../../../../avr/lib/avr5\libm.a(fixunssfsi.o)
                                                  c:/avr8-gnu-toolchain/bin/../lib/gcc/avr/7.3.0/../../../../avr/lib/avr5\libm.a(addsf3x.o)
__heap_end                                        c:/avr8-gnu-toolchain/bin/../lib/gcc/avr/7.3.0/../../../../avr/lib/avr5/crtatmega328p.o
__init                                            c:/avr8-gnu-toolchain/bin/../lib/gcc/avr/7.3.0/../../../../avr/lib/avr5/crtatmega328p.o
__lesf2                                           c:/avr8-gnu-toolchain/bin/../lib/gcc/avr/7.3.0/../../../../avr/lib/avr5\libm.a(cmpsf2.o)
                                                  build/AVR_MEGA/MEGA328P/obj/avr_mega_uart0.o
                                                  build/AVR_MEGA/MEGA328P/obj/MosTimer.o
__ltsf2                                           c:/avr8-gnu-toolchain/bin/../lib/gcc/avr/7.3.0/../../../../avr/lib/avr5\libm.a(cmpsf2.o)
                                                  build/AVR_MEGA/MEGA328P/obj/avr_mega_uart0.o
                                                  build/AVR_MEGA/MEGA328P/obj/avr_mega_i2c_master.o
                                                  build/AVR_MEGA/MEGA328P/obj/stdlib.o
                                                  build/AVR_MEGA/MEGA328P/obj/ptimer.o
__mulsf3                                          c:/avr8-gnu-toolchain/bin/../lib/gcc/avr/7.3.0/../../../../avr/lib/avr5\libm.a(mulsf3.o)
                                                  build/AVR_MEGA/MEGA328P/obj/avr_mega_uart0.o
                                                  build/AVR_MEGA/MEGA328P/obj/avr_mega_i2c_master.o
                                                  build/AVR_MEGA/MEGA328P/obj/stdlib.o
                                                  build/AVR_MEGA/MEGA328P/obj/rtc_ds3231.o
                                                  build/AVR_MEGA/MEGA328P/obj/ptimer.o
__mulsf3_pse                                      c:/avr8-gnu-toolchain/bin/../lib/gcc/avr/7.3.0/../../../../avr/lib/avr5\libm.a(mulsf3x.o)
__mulsf3x                                         c:/avr8-gnu-toolchain/bin/../lib/gcc/avr/7.3.0/../../../../avr/lib/avr5\libm.a(mulsf3x.o)
                                                  c:/avr8-gnu-toolchain/bin/../lib/gcc/avr/7.3.0/../../../../avr/lib/avr5\libm.a(mulsf3.o)
__muluhisi3                                       c:/avr8-gnu-toolchain/bin/../lib/gcc/avr/7.3.0/avr5\libgcc.a(_muluhisi3.o)
                                                  build/AVR_MEGA/MEGA328P/obj/ff.o
__negsi2                                          c:/avr8-gnu-toolchain/bin/../lib/gcc/avr/7.3.0/avr5\libgcc.a(_negsi2.o)
                                                  c:/avr8-gnu-toolchain/bin/../lib/gcc/avr/7.3.0/avr5\libgcc.a(_divmodsi4.o)
__nesf2                                           c:/avr8-gnu-toolchain/bin/../lib/gcc/avr/7.3.0/../../../../avr/lib/avr5\libm.a(cmpsf2.o)
__stack                                           c:/avr8-gnu-toolchain/bin/../lib/gcc/avr/7.3.0/../../../../avr/lib/avr5/crtatmega328p.o
__subsf3                                          c:/avr8-gnu-toolchain/bin/../lib/gcc/avr/7.3.0/../../../../avr/lib/avr5\libm.a(addsf3.o)
                                                  build/AVR_MEGA/MEGA328P/obj/avr_mega_uart0.o
                                                  build/AVR_MEGA/MEGA328P/obj/avr_mega_i2c_master.o
                                                  build/AVR_MEGA/MEGA328P/obj/stdlib.o
                                                  build/AVR_MEGA/MEGA328P/obj/MosTimer.o
__udivmodhi4                                      c:/avr8-gnu-toolchain/bin/../lib/gcc/avr/7.3.0/avr5\libgcc.a(_udivmodhi4.o)
                                                  c:/avr8-gnu-toolchain/bin/../lib/gcc/avr/7.3.0/avr5\libgcc.a(_divmodhi4.o)
                                                  build/AVR_MEGA/MEGA328P/obj/clock.o
                                                  build/AVR_MEGA/MEGA328P/obj/ringbuf.o
                                                  build/AVR_MEGA/MEGA328P/obj/SevenSegmentMulti.o
                                                  build/AVR_MEGA/MEGA328P/obj/ptimer.o
__udivmodqi4                                      c:/avr8-gnu-toolchain/bin/../lib/gcc/avr/7.3.0/avr5\libgcc.a(_udivmodqi4.o)
                                                  build/AVR_MEGA/MEGA328P/obj/rtc_ds3231.o
                                                  build/AVR_MEGA/MEGA328P/obj/rtc_ds1307.o
__udivmodsi4                                      c:/avr8-gnu-toolchain/bin/../lib/gcc/avr/7.3.0/avr5\libgcc.a(_udivmodsi4.o)
                                                  c:/avr8-gnu-toolchain/bin/../lib/gcc/avr/7.3.0/avr5\libgcc.a(_divmodsi4.o)
                                                  build/AVR_MEGA/MEGA328P/obj/ff.o
                                                  build/AVR_MEGA/MEGA328P/obj/ptimer.o
__umulhisi3                                       c:/avr8-gnu-toolchain/bin/../lib/gcc/avr/7.3.0/avr5\libgcc.a(_umulhisi3.o)
                                                  c:/avr8-gnu-toolchain/bin/../lib/gcc/avr/7.3.0/avr5\libgcc.a(_muluhisi3.o)
__vector_1                                        c:/avr8-gnu-toolchain/bin/../lib/gcc/avr/7.3.0/../../../../avr/lib/avr5/crtatmega328p.o
__vector_10                                       c:/avr8-gnu-toolchain/bin/../lib/gcc/avr/7.3.0/../../../../avr/lib/avr5/crtatmega328p.o
__vector_11                                       build/AVR_MEGA/MEGA328P/obj/clock.o
                                                  c:/avr8-gnu-toolchain/bin/../lib/gcc/avr/7.3.0/../../../../avr/lib/avr5/crtatmega328p.o
__vector_12                                       build/AVR_MEGA/MEGA328P/obj/clock.o
                                                  c:/avr8-gnu-toolchain/bin/../lib/gcc/avr/7.3.0/../../../../avr/lib/avr5/crtatmega328p.o
__vector_13                                       c:/avr8-gnu-toolchain/bin/../lib/gcc/avr/7.3.0/../../../../avr/lib/avr5/crtatmega328p.o
__vector_14                                       c:/avr8-gnu-toolchain/bin/../lib/gcc/avr/7.3.0/../../../../avr/lib/avr5/crtatmega328p.o
__vector_15                                       c:/avr8-gnu-toolchain/bin/../lib/gcc/avr/7.3.0/../../../../avr/lib/avr5/crtatmega328p.o
__vector_16                                       c:/avr8-gnu-toolchain/bin/../lib/gcc/avr/7.3.0/../../../../avr/lib/avr5/crtatmega328p.o
__vector_17                                       c:/avr8-gnu-toolchain/bin/../lib/gcc/avr/7.3.0/../../../../avr/lib/avr5/crtatmega328p.o
__vector_18                                       build/AVR_MEGA/MEGA328P/obj/avr_mega_uart0.o
                                                  c:/avr8-gnu-toolchain/bin/../lib/gcc/avr/7.3.0/../../../../avr/lib/avr5/crtatmega328p.o
__vector_19                                       c:/avr8-gnu-toolchain/bin/../lib/gcc/avr/7.3.0/../../../../avr/lib/avr5/crtatmega328p.o
__vector_2                                        c:/avr8-gnu-toolchain/bin/../lib/gcc/avr/7.3.0/../../../../avr/lib/avr5/crtatmega328p.o
__vector_20                                       c:/avr8-gnu-toolchain/bin/../lib/gcc/avr/7.3.0/../../../../avr/lib/avr5/crtatmega328p.o
__vector_21                                       c:/avr8-gnu-toolchain/bin/../lib/gcc/avr/7.3.0/../../../../avr/lib/avr5/crtatmega328p.o
__vector_22                                       c:/avr8-gnu-toolchain/bin/../lib/gcc/avr/7.3.0/../../../../avr/lib/avr5/crtatmega328p.o
__vector_23                                       c:/avr8-gnu-toolchain/bin/../lib/gcc/avr/7.3.0/../../../../avr/lib/avr5/crtatmega328p.o
__vector_24                                       c:/avr8-gnu-toolchain/bin/../lib/gcc/avr/7.3.0/../../../../avr/lib/avr5/crtatmega328p.o
__vector_25                                       c:/avr8-gnu-toolchain/bin/../lib/gcc/avr/7.3.0/../../../../avr/lib/avr5/crtatmega328p.o
__vector_3                                        c:/avr8-gnu-toolchain/bin/../lib/gcc/avr/7.3.0/../../../../avr/lib/avr5/crtatmega328p.o
__vector_4                                        c:/avr8-gnu-toolchain/bin/../lib/gcc/avr/7.3.0/../../../../avr/lib/avr5/crtatmega328p.o
__vector_5                                        c:/avr8-gnu-toolchain/bin/../lib/gcc/avr/7.3.0/../../../../avr/lib/avr5/crtatmega328p.o
__vector_6                                        c:/avr8-gnu-toolchain/bin/../lib/gcc/avr/7.3.0/../../../../avr/lib/avr5/crtatmega328p.o
__vector_7                                        c:/avr8-gnu-toolchain/bin/../lib/gcc/avr/7.3.0/../../../../avr/lib/avr5/crtatmega328p.o
__vector_8                                        c:/avr8-gnu-toolchain/bin/../lib/gcc/avr/7.3.0/../../../../avr/lib/avr5/crtatmega328p.o
__vector_9                                        c:/avr8-gnu-toolchain/bin/../lib/gcc/avr/7.3.0/../../../../avr/lib/avr5/crtatmega328p.o
__vector_default                                  c:/avr8-gnu-toolchain/bin/../lib/gcc/avr/7.3.0/../../../../avr/lib/avr5/crtatmega328p.o
__vectors                                         c:/avr8-gnu-toolchain/bin/../lib/gcc/avr/7.3.0/../../../../avr/lib/avr5/crtatmega328p.o
_div                                              c:/avr8-gnu-toolchain/bin/../lib/gcc/avr/7.3.0/avr5\libgcc.a(_divmodhi4.o)
_exit                                             c:/avr8-gnu-toolchain/bin/../lib/gcc/avr/7.3.0/avr5\libgcc.a(_exit.o)
atof                                              build/AVR_MEGA/MEGA328P/obj/stdlib.o
atoi                                              build/AVR_MEGA/MEGA328P/obj/stdlib.o
autostart_tasks                                   build/AVR_MEGA/MEGA328P/obj/sd_fat32_test.o
                                                  build/AVR_MEGA/MEGA328P/obj/main.o
avr_mega_analog_input_driver                      build/AVR_MEGA/MEGA328P/obj/avr_mega_analog_input.o
avr_mega_digital_driver                           build/AVR_MEGA/MEGA328P/obj/avr_mega_digital.o
                                                  build/AVR_MEGA/MEGA328P/obj/avr_mega_spi_master.o
                                                  build/AVR_MEGA/MEGA328P/obj/SevenSegmentMulti.o
                                                  build/AVR_MEGA/MEGA328P/obj/SevenSegment.o
                                                  build/AVR_MEGA/MEGA328P/obj/LiquidCrystal.o
avr_mega_i2c_master_driver                        build/AVR_MEGA/MEGA328P/obj/avr_mega_i2c_master.o
avr_mega_spi_master_driver                        build/AVR_MEGA/MEGA328P/obj/avr_mega_spi_master.o
                                                  build/AVR_MEGA/MEGA328P/obj/diskio.o
avr_mega_uart0_driver                             build/AVR_MEGA/MEGA328P/obj/avr_mega_uart0.o
                                                  build/AVR_MEGA/MEGA328P/obj/sd_fat32_test.o
count                                             build/AVR_MEGA/MEGA328P/obj/sd_fat32_test.o
digit2symbol                                      build/AVR_MEGA/MEGA328P/obj/SevenSegment.o
                                                  build/AVR_MEGA/MEGA328P/obj/SevenSegmentMulti.o
disk_initialize                                   build/AVR_MEGA/MEGA328P/obj/diskio.o
                                                  build/AVR_MEGA/MEGA328P/obj/ff.o
disk_ioctl                                        build/AVR_MEGA/MEGA328P/obj/diskio.o
                                                  build/AVR_MEGA/MEGA328P/obj/ff.o
disk_read                                         build/AVR_MEGA/MEGA328P/obj/diskio.o
                                                  build/AVR_MEGA/MEGA328P/obj/ff.o
disk_status                                       build/AVR_MEGA/MEGA328P/obj/diskio.o
                                                  build/AVR_MEGA/MEGA328P/obj/ff.o
disk_write                                        build/AVR_MEGA/MEGA328P/obj/diskio.o
                                                  build/AVR_MEGA/MEGA328P/obj/ff.o
exit                                              c:/avr8-gnu-toolchain/bin/../lib/gcc/avr/7.3.0/avr5\libgcc.a(_exit.o)
                                                  c:/avr8-gnu-toolchain/bin/../lib/gcc/avr/7.3.0/../../../../avr/lib/avr5/crtatmega328p.o
f_close                                           build/AVR_MEGA/MEGA328P/obj/ff.o
                                                  build/AVR_MEGA/MEGA328P/obj/sd_fat32_test.o
f_closedir                                        build/AVR_MEGA/MEGA328P/obj/ff.o
f_getfree                                         build/AVR_MEGA/MEGA328P/obj/ff.o
f_lseek                                           build/AVR_MEGA/MEGA328P/obj/ff.o
f_mkdir                                           build/AVR_MEGA/MEGA328P/obj/ff.o
f_mount                                           build/AVR_MEGA/MEGA328P/obj/ff.o
                                                  build/AVR_MEGA/MEGA328P/obj/sd_fat32_test.o
f_open                                            build/AVR_MEGA/MEGA328P/obj/ff.o
                                                  build/AVR_MEGA/MEGA328P/obj/sd_fat32_test.o
f_opendir                                         build/AVR_MEGA/MEGA328P/obj/ff.o
f_read                                            build/AVR_MEGA/MEGA328P/obj/ff.o
f_readdir                                         build/AVR_MEGA/MEGA328P/obj/ff.o
f_rename                                          build/AVR_MEGA/MEGA328P/obj/ff.o
f_stat                                            build/AVR_MEGA/MEGA328P/obj/ff.o
f_sync                                            build/AVR_MEGA/MEGA328P/obj/ff.o
f_truncate                                        build/AVR_MEGA/MEGA328P/obj/ff.o
f_unlink                                          build/AVR_MEGA/MEGA328P/obj/ff.o
f_write                                           build/AVR_MEGA/MEGA328P/obj/ff.o
                                                  build/AVR_MEGA/MEGA328P/obj/sd_fat32_test.o
ftoa                                              build/AVR_MEGA/MEGA328P/obj/stdlib.o
get_clock_time                                    build/AVR_MEGA/MEGA328P/obj/clock.o
                                                  build/AVR_MEGA/MEGA328P/obj/MosTimer.o
                                                  build/AVR_MEGA/MEGA328P/obj/ptimer.o
global_interrupt_disable                          build/AVR_MEGA/MEGA328P/obj/boot.o
                                                  build/AVR_MEGA/MEGA328P/obj/avr_mega_spi_master.o
                                                  build/AVR_MEGA/MEGA328P/obj/ringbuf.o
global_interrupt_enable                           build/AVR_MEGA/MEGA328P/obj/boot.o
                                                  build/AVR_MEGA/MEGA328P/obj/avr_mega_spi_master.o
                                                  build/AVR_MEGA/MEGA328P/obj/ringbuf.o
is_global_interrupt_disable                       build/AVR_MEGA/MEGA328P/obj/boot.o
is_global_interrupt_enable                        build/AVR_MEGA/MEGA328P/obj/boot.o
                                                  build/AVR_MEGA/MEGA328P/obj/ringbuf.o
itoa                                              build/AVR_MEGA/MEGA328P/obj/stdlib.o
lcd_begin                                         build/AVR_MEGA/MEGA328P/obj/LiquidCrystal.o
lcd_clear                                         build/AVR_MEGA/MEGA328P/obj/LiquidCrystal.o
lcd_constPrintArch                                build/AVR_MEGA/MEGA328P/obj/avr_mega_liquid_crystal.o
lcd_print                                         build/AVR_MEGA/MEGA328P/obj/LiquidCrystal.o
lcd_setCursor                                     build/AVR_MEGA/MEGA328P/obj/LiquidCrystal.o
lcd_write                                         build/AVR_MEGA/MEGA328P/obj/LiquidCrystal.o
                                                  build/AVR_MEGA/MEGA328P/obj/avr_mega_liquid_crystal.o
ltoa                                              build/AVR_MEGA/MEGA328P/obj/stdlib.o
main                                              build/AVR_MEGA/MEGA328P/obj/main.o
                                                  c:/avr8-gnu-toolchain/bin/../lib/gcc/avr/7.3.0/../../../../avr/lib/avr5/crtatmega328p.o
memcmp                                            c:/avr8-gnu-toolchain/bin/../lib/gcc/avr/7.3.0/../../../../avr/lib/avr5\libc.a(memcmp.o)
                                                  build/AVR_MEGA/MEGA328P/obj/ff.o
memcpy                                            c:/avr8-gnu-toolchain/bin/../lib/gcc/avr/7.3.0/../../../../avr/lib/avr5\libc.a(memcpy.o)
                                                  build/AVR_MEGA/MEGA328P/obj/ff.o
memset                                            c:/avr8-gnu-toolchain/bin/../lib/gcc/avr/7.3.0/../../../../avr/lib/avr5\libc.a(memset.o)
                                                  build/AVR_MEGA/MEGA328P/obj/ff.o
platform_init                                     build/AVR_MEGA/MEGA328P/obj/boot.o
                                                  build/AVR_MEGA/MEGA328P/obj/main.o
ptimer_expired                                    build/AVR_MEGA/MEGA328P/obj/ptimer.o
ptimer_init                                       build/AVR_MEGA/MEGA328P/obj/ptimer.o
                                                  build/AVR_MEGA/MEGA328P/obj/main.o
ptimer_request_poll                               build/AVR_MEGA/MEGA328P/obj/ptimer.o
                                                  build/AVR_MEGA/MEGA328P/obj/clock.o
ptimer_set_reset                                  build/AVR_MEGA/MEGA328P/obj/ptimer.o
                                                  build/AVR_MEGA/MEGA328P/obj/sd_fat32_test.o
ptimer_start                                      build/AVR_MEGA/MEGA328P/obj/ptimer.o
                                                  build/AVR_MEGA/MEGA328P/obj/sd_fat32_test.o
ptimer_task                                       build/AVR_MEGA/MEGA328P/obj/ptimer.o
                                                  build/AVR_MEGA/MEGA328P/obj/main.o
read                                              build/AVR_MEGA/MEGA328P/obj/avr_mega_analog_input.o
reverse_symbol                                    build/AVR_MEGA/MEGA328P/obj/SevenSegment.o
                                                  build/AVR_MEGA/MEGA328P/obj/SevenSegmentMulti.o
ringbuf_count                                     build/AVR_MEGA/MEGA328P/obj/ringbuf.o
                                                  build/AVR_MEGA/MEGA328P/obj/avr_mega_uart0.o
ringbuf_flush                                     build/AVR_MEGA/MEGA328P/obj/ringbuf.o
                                                  build/AVR_MEGA/MEGA328P/obj/avr_mega_uart0.o
ringbuf_init                                      build/AVR_MEGA/MEGA328P/obj/ringbuf.o
                                                  build/AVR_MEGA/MEGA328P/obj/avr_mega_uart0.o
ringbuf_isfull                                    build/AVR_MEGA/MEGA328P/obj/ringbuf.o
ringbuf_read                                      build/AVR_MEGA/MEGA328P/obj/ringbuf.o
                                                  build/AVR_MEGA/MEGA328P/obj/avr_mega_uart0.o
ringbuf_write                                     build/AVR_MEGA/MEGA328P/obj/ringbuf.o
                                                  build/AVR_MEGA/MEGA328P/obj/avr_mega_uart0.o
rtc1307_begin                                     build/AVR_MEGA/MEGA328P/obj/rtc_ds1307.o
rtc1307_getDate                                   build/AVR_MEGA/MEGA328P/obj/rtc_ds1307.o
rtc1307_getTime                                   build/AVR_MEGA/MEGA328P/obj/rtc_ds1307.o
rtc1307_setDate                                   build/AVR_MEGA/MEGA328P/obj/rtc_ds1307.o
rtc1307_setTime                                   build/AVR_MEGA/MEGA328P/obj/rtc_ds1307.o
rtc3231_begin                                     build/AVR_MEGA/MEGA328P/obj/rtc_ds3231.o
rtc3231_getAlarm1                                 build/AVR_MEGA/MEGA328P/obj/rtc_ds3231.o
rtc3231_getAlarm2                                 build/AVR_MEGA/MEGA328P/obj/rtc_ds3231.o
rtc3231_getDate                                   build/AVR_MEGA/MEGA328P/obj/rtc_ds3231.o
rtc3231_getTemperature                            build/AVR_MEGA/MEGA328P/obj/rtc_ds3231.o
rtc3231_getTime                                   build/AVR_MEGA/MEGA328P/obj/rtc_ds3231.o
rtc3231_isActiveAlarm1                            build/AVR_MEGA/MEGA328P/obj/rtc_ds3231.o
rtc3231_isActiveAlarm2                            build/AVR_MEGA/MEGA328P/obj/rtc_ds3231.o
rtc3231_isExpiredAlarm1                           build/AVR_MEGA/MEGA328P/obj/rtc_ds3231.o
rtc3231_isExpiredAlarm2                           build/AVR_MEGA/MEGA328P/obj/rtc_ds3231.o
rtc3231_resetAlarm1                               build/AVR_MEGA/MEGA328P/obj/rtc_ds3231.o
rtc3231_resetAlarm2                               build/AVR_MEGA/MEGA328P/obj/rtc_ds3231.o
rtc3231_setAlarm1                                 build/AVR_MEGA/MEGA328P/obj/rtc_ds3231.o
rtc3231_setAlarm2                                 build/AVR_MEGA/MEGA328P/obj/rtc_ds3231.o
rtc3231_setDate                                   build/AVR_MEGA/MEGA328P/obj/rtc_ds3231.o
rtc3231_setTime                                   build/AVR_MEGA/MEGA328P/obj/rtc_ds3231.o
rtc3231_stopAlarm1                                build/AVR_MEGA/MEGA328P/obj/rtc_ds3231.o
rtc3231_stopAlarm2                                build/AVR_MEGA/MEGA328P/obj/rtc_ds3231.o
schedule_tickless_timer_platform                  build/AVR_MEGA/MEGA328P/obj/clock.o
                                                  build/AVR_MEGA/MEGA328P/obj/ptimer.o
sdcard_begin                                      build/AVR_MEGA/MEGA328P/obj/sdcard.o
                                                  build/AVR_MEGA/MEGA328P/obj/diskio.o
sdcard_ioctl                                      build/AVR_MEGA/MEGA328P/obj/sdcard.o
                                                  build/AVR_MEGA/MEGA328P/obj/diskio.o
sdcard_read                                       build/AVR_MEGA/MEGA328P/obj/sdcard.o
                                                  build/AVR_MEGA/MEGA328P/obj/diskio.o
sdcard_status                                     build/AVR_MEGA/MEGA328P/obj/sdcard.o
                                                  build/AVR_MEGA/MEGA328P/obj/diskio.o
sdcard_write                                      build/AVR_MEGA/MEGA328P/obj/sdcard.o
                                                  build/AVR_MEGA/MEGA328P/obj/diskio.o
setup                                             build/AVR_MEGA/MEGA328P/obj/sd_fat32_test.o
                                                  build/AVR_MEGA/MEGA328P/obj/main.o
sleep                                             build/AVR_MEGA/MEGA328P/obj/boot.o
                                                  build/AVR_MEGA/MEGA328P/obj/main.o
spi_pointer_temp                                  build/AVR_MEGA/MEGA328P/obj/sdcard.o
strchr                                            c:/avr8-gnu-toolchain/bin/../lib/gcc/avr/7.3.0/../../../../avr/lib/avr5\libc.a(strchr.o)
                                                  build/AVR_MEGA/MEGA328P/obj/ff.o
task_autostart                                    build/AVR_MEGA/MEGA328P/obj/task.o
                                                  build/AVR_MEGA/MEGA328P/obj/main.o
task_current                                      build/AVR_MEGA/MEGA328P/obj/task.o
                                                  build/AVR_MEGA/MEGA328P/obj/ptimer.o
                                                  build/AVR_MEGA/MEGA328P/obj/sd_fat32_test.o
task_exit                                         build/AVR_MEGA/MEGA328P/obj/task.o
task_init                                         build/AVR_MEGA/MEGA328P/obj/task.o
                                                  build/AVR_MEGA/MEGA328P/obj/main.o
task_is_running                                   build/AVR_MEGA/MEGA328P/obj/task.o
task_list                                         build/AVR_MEGA/MEGA328P/obj/task.o
task_poll                                         build/AVR_MEGA/MEGA328P/obj/task.o
                                                  build/AVR_MEGA/MEGA328P/obj/ptimer.o
task_post                                         build/AVR_MEGA/MEGA328P/obj/task.o
                                                  build/AVR_MEGA/MEGA328P/obj/ptimer.o
                                                  build/AVR_MEGA/MEGA328P/obj/sd_fat32_test.o
task_run                                          build/AVR_MEGA/MEGA328P/obj/task.o
                                                  build/AVR_MEGA/MEGA328P/obj/main.o
task_start                                        build/AVR_MEGA/MEGA328P/obj/task.o
                                                  build/AVR_MEGA/MEGA328P/obj/main.o
test1                                             build/AVR_MEGA/MEGA328P/obj/sd_fat32_test.o
watchdog_periodic                                 build/AVR_MEGA/MEGA328P/obj/boot.o
                                                  build/AVR_MEGA/MEGA328P/obj/main.o
